Archive member included to satisfy reference by file (symbol)

/home/lukasz/ChibiStudio/tools/GNU Tools ARM Embedded/9.2.1 2019q4/bin/../lib/gcc/arm-none-eabi/9.2.1/../../../../arm-none-eabi/lib/thumb/v7e-m/nofp/libg.a(lib_a-memcpy.o)
                              /tmp/ch.elf.2Q6PHS.ltrans0.ltrans.o (memcpy)

Discarded input sections

 .data          0x0000000000000000        0x0 ./build/obj/crt0_v7m.o
 .bss           0x0000000000000000        0x0 ./build/obj/crt0_v7m.o
 .data          0x0000000000000000        0x0 ./build/obj/vectors.o
 .bss           0x0000000000000000        0x0 ./build/obj/vectors.o
 .data          0x0000000000000000        0x0 ./build/obj/chcoreasm_v7m.o
 .bss           0x0000000000000000        0x0 ./build/obj/chcoreasm_v7m.o
 .text          0x0000000000000000        0x0 /tmp/ch.elf.2Q6PHS.ltrans0.ltrans.o
 .data          0x0000000000000000        0x0 /tmp/ch.elf.2Q6PHS.ltrans0.ltrans.o
 .bss           0x0000000000000000        0x0 /tmp/ch.elf.2Q6PHS.ltrans0.ltrans.o
 .comment       0x0000000000000000       0x7a /tmp/ccRL5sQp.debug.temp.o
 .comment       0x0000000000000000       0x7a /tmp/cceDSn59.debug.temp.o
 .comment       0x0000000000000000       0x7a /tmp/cckbwxll.debug.temp.o
 .comment       0x0000000000000000       0x7a /tmp/ccep11v0.debug.temp.o
 .comment       0x0000000000000000       0x7a /tmp/ccHbHwf0.debug.temp.o
 .comment       0x0000000000000000       0x7a /tmp/ccWppFot.debug.temp.o
 .comment       0x0000000000000000       0x7a /tmp/cc5QZM8q.debug.temp.o
 .comment       0x0000000000000000       0x7a /tmp/ccQEv2ad.debug.temp.o
 .comment       0x0000000000000000       0x7a /tmp/ccRji4Bg.debug.temp.o
 .comment       0x0000000000000000       0x7a /tmp/ccLQGNdk.debug.temp.o
 .comment       0x0000000000000000       0x7a /tmp/ccmnOmvZ.debug.temp.o
 .comment       0x0000000000000000       0x7a /tmp/cc1rKA6U.debug.temp.o
 .comment       0x0000000000000000       0x7a /tmp/cc4chLhN.debug.temp.o
 .comment       0x0000000000000000       0x7a /tmp/cc86Y7Ob.debug.temp.o
 .comment       0x0000000000000000       0x7a /tmp/ccYIeMGG.debug.temp.o
 .comment       0x0000000000000000       0x7a /tmp/ccGBt9Ye.debug.temp.o
 .comment       0x0000000000000000       0x7a /tmp/ccN1OI8P.debug.temp.o
 .comment       0x0000000000000000       0x7a /tmp/cc1WyEQ0.debug.temp.o
 .debug_info    0x0000000000000000     0x25f3 /tmp/ccZ11Rw0.debug.temp.o
 .debug_abbrev  0x0000000000000000      0x26f /tmp/ccZ11Rw0.debug.temp.o
 .debug_line    0x0000000000000000      0x67c /tmp/ccZ11Rw0.debug.temp.o
 .debug_str     0x0000000000000000     0x1406 /tmp/ccZ11Rw0.debug.temp.o
 .comment       0x0000000000000000       0x7a /tmp/ccZ11Rw0.debug.temp.o
 .comment       0x0000000000000000       0x7a /tmp/cc044tM8.debug.temp.o
 .debug_info    0x0000000000000000     0x25f3 /tmp/ccFugPAy.debug.temp.o
 .debug_abbrev  0x0000000000000000      0x26f /tmp/ccFugPAy.debug.temp.o
 .debug_line    0x0000000000000000      0x67c /tmp/ccFugPAy.debug.temp.o
 .debug_str     0x0000000000000000     0x1406 /tmp/ccFugPAy.debug.temp.o
 .comment       0x0000000000000000       0x7a /tmp/ccFugPAy.debug.temp.o
 .comment       0x0000000000000000       0x7a /tmp/ccJ6rfVw.debug.temp.o
 .comment       0x0000000000000000       0x7a /tmp/ccwiz7VF.debug.temp.o
 .comment       0x0000000000000000       0x7a /tmp/cciEJZVz.debug.temp.o
 .comment       0x0000000000000000       0x7a /tmp/ccLSl3OI.debug.temp.o
 .comment       0x0000000000000000       0x7a /tmp/ccVNeXhH.debug.temp.o
 .comment       0x0000000000000000       0x7a /tmp/ccTmvhEC.debug.temp.o
 .debug_info    0x0000000000000000      0xba7 /tmp/cc1zCyl2.debug.temp.o
 .debug_abbrev  0x0000000000000000      0x1d7 /tmp/cc1zCyl2.debug.temp.o
 .debug_line    0x0000000000000000      0x37a /tmp/cc1zCyl2.debug.temp.o
 .debug_str     0x0000000000000000      0x78d /tmp/cc1zCyl2.debug.temp.o
 .comment       0x0000000000000000       0x7a /tmp/cc1zCyl2.debug.temp.o
 .comment       0x0000000000000000       0x7a /tmp/cc41IBdN.debug.temp.o
 .debug_info    0x0000000000000000      0xba7 /tmp/cco2nWiI.debug.temp.o
 .debug_abbrev  0x0000000000000000      0x1d7 /tmp/cco2nWiI.debug.temp.o
 .debug_line    0x0000000000000000      0x37a /tmp/cco2nWiI.debug.temp.o
 .debug_str     0x0000000000000000      0x787 /tmp/cco2nWiI.debug.temp.o
 .comment       0x0000000000000000       0x7a /tmp/cco2nWiI.debug.temp.o
 .comment       0x0000000000000000       0x7a /tmp/ccmmAr72.debug.temp.o
 .comment       0x0000000000000000       0x7a /tmp/ccV84rXI.debug.temp.o
 .comment       0x0000000000000000       0x7a /tmp/cc6yXQ2J.debug.temp.o
 .comment       0x0000000000000000       0x7a /tmp/ccmSjgzZ.debug.temp.o
 .comment       0x0000000000000000       0x7a /tmp/ccmR4cJF.debug.temp.o
 .comment       0x0000000000000000       0x7a /tmp/ccT0i8XM.debug.temp.o
 .debug_info    0x0000000000000000      0xf57 /tmp/ccjsokQL.debug.temp.o
 .debug_abbrev  0x0000000000000000      0x2d3 /tmp/ccjsokQL.debug.temp.o
[...]
Memory Configuration

Name             Origin             Length             Attributes
flash0           0x0000000008000000 0x0000000000200000 xr
flash1           0x0000000008000000 0x0000000000100000 xr
flash2           0x0000000008100000 0x0000000000100000 xr
flash3           0x0000000000000000 0x0000000000000000 xr
flash4           0x0000000000000000 0x0000000000000000 xr
flash5           0x0000000000000000 0x0000000000000000 xr
flash6           0x0000000000000000 0x0000000000000000 xr
flash7           0x0000000000000000 0x0000000000000000 xr
ram0             0x0000000024000000 0x0000000000080000 xw
ram1             0x0000000030000000 0x0000000000040000 xw
ram2             0x0000000030000000 0x0000000000048000 xw
ram3             0x0000000030040000 0x0000000000008000 xw
ram4             0x0000000038000000 0x0000000000010000 xw
ram5             0x0000000020000000 0x0000000000020000 xw
ram6             0x0000000000000000 0x0000000000010000 xw
ram7             0x0000000038800000 0x0000000000001000 xw
*default*        0x0000000000000000 0xffffffffffffffff

Linker script and memory map

LOAD ./build/obj/crt0_v7m.o
LOAD ./build/obj/vectors.o
LOAD ./build/obj/chcoreasm_v7m.o
LOAD /tmp/ch.elf.2Q6PHS.ltrans0.ltrans.o
LOAD /tmp/ccRL5sQp.debug.temp.o
LOAD /tmp/cceDSn59.debug.temp.o
LOAD /tmp/cckbwxll.debug.temp.o
LOAD /tmp/ccep11v0.debug.temp.o
LOAD /tmp/ccHbHwf0.debug.temp.o
LOAD /tmp/ccWppFot.debug.temp.o
LOAD /tmp/cc5QZM8q.debug.temp.o
LOAD /tmp/ccQEv2ad.debug.temp.o
LOAD /tmp/ccRji4Bg.debug.temp.o
LOAD /tmp/ccLQGNdk.debug.temp.o
LOAD /tmp/ccmnOmvZ.debug.temp.o
LOAD /tmp/cc1rKA6U.debug.temp.o
LOAD /tmp/cc4chLhN.debug.temp.o
LOAD /tmp/cc86Y7Ob.debug.temp.o
LOAD /tmp/ccYIeMGG.debug.temp.o
LOAD /tmp/ccGBt9Ye.debug.temp.o
LOAD /tmp/ccN1OI8P.debug.temp.o
LOAD /tmp/cc1WyEQ0.debug.temp.o
LOAD /tmp/ccZ11Rw0.debug.temp.o
LOAD /tmp/cc044tM8.debug.temp.o
LOAD /tmp/ccFugPAy.debug.temp.o
LOAD /tmp/ccJ6rfVw.debug.temp.o
LOAD /tmp/ccwiz7VF.debug.temp.o
LOAD /tmp/cciEJZVz.debug.temp.o
LOAD /tmp/ccLSl3OI.debug.temp.o
LOAD /tmp/ccVNeXhH.debug.temp.o
LOAD /tmp/ccTmvhEC.debug.temp.o
LOAD /tmp/cc1zCyl2.debug.temp.o
LOAD /tmp/cc41IBdN.debug.temp.o
LOAD /tmp/cco2nWiI.debug.temp.o
LOAD /tmp/ccmmAr72.debug.temp.o
LOAD /tmp/ccV84rXI.debug.temp.o
LOAD /tmp/cc6yXQ2J.debug.temp.o
LOAD /tmp/ccmSjgzZ.debug.temp.o
LOAD /tmp/ccmR4cJF.debug.temp.o
LOAD /tmp/ccT0i8XM.debug.temp.o
LOAD /tmp/ccjsokQL.debug.temp.o
LOAD /tmp/cc24j4zW.debug.temp.o
LOAD /tmp/ccK3rGj4.debug.temp.o
LOAD /tmp/ccrSBmdA.debug.temp.o
LOAD /tmp/ccL1du6n.debug.temp.o
LOAD /tmp/ccYC2Let.debug.temp.o
LOAD /tmp/ccoQK9Ox.debug.temp.o
LOAD /tmp/cc0gvu57.debug.temp.o
LOAD /tmp/ccA7n3oq.debug.temp.o
LOAD /tmp/ccVlgv2C.debug.temp.o
LOAD /tmp/ccx8IxpZ.debug.temp.o
LOAD /tmp/ccs6ysGQ.debug.temp.o
LOAD /tmp/cc8BhAz1.debug.temp.o
LOAD /tmp/ccBHozxr.debug.temp.o
LOAD /tmp/cc5bnSII.debug.temp.o
LOAD /tmp/ccvtOuGX.debug.temp.o
LOAD /tmp/ccFzjptG.debug.temp.o
LOAD /tmp/ccaycty2.debug.temp.o
LOAD /tmp/cccx2TaT.debug.temp.o
LOAD /tmp/ccS3STY4.debug.temp.o
LOAD /tmp/ccioSdMa.debug.temp.o
LOAD /tmp/cc0CFjw8.debug.temp.o
LOAD /tmp/ccU8zf5c.debug.temp.o
LOAD /tmp/ccppSeKM.debug.temp.o
LOAD /tmp/cc9NY5ge.debug.temp.o
LOAD /tmp/ccNUKkdU.debug.temp.o
LOAD /tmp/ccZSo0U6.debug.temp.o
LOAD /tmp/cceyb5Jr.debug.temp.o
LOAD /tmp/cccYtZdu.debug.temp.o
LOAD /tmp/ccRPpqKC.debug.temp.o
LOAD /tmp/ccjVv8FH.debug.temp.o
LOAD /tmp/ccMbY60C.debug.temp.o
LOAD /tmp/ccfisZUg.debug.temp.o
LOAD /tmp/ccKmt5Cq.debug.temp.o
LOAD /tmp/ccdY5FBe.debug.temp.o
LOAD /tmp/ccnQZczC.debug.temp.o
LOAD /tmp/ccTFROyU.debug.temp.o
LOAD /tmp/cc6NbnSo.debug.temp.o
LOAD /tmp/cc7kXlRE.debug.temp.o
LOAD /tmp/ccpCETyH.debug.temp.o
LOAD /tmp/ccfmJ26m.debug.temp.o
LOAD /tmp/ccAZqe1s.debug.temp.o
LOAD /tmp/ccKWxUBM.debug.temp.o
LOAD /tmp/cch7P05N.debug.temp.o

.mstack         0x0000000020000000      0x400
                0x0000000020000000                . = ALIGN (0x8)
                0x0000000020000000                __main_stack_base__ = .
                0x0000000020000400                . = (. + __main_stack_size__)
 *fill*         0x0000000020000000      0x400 
                0x0000000020000400                . = ALIGN (0x8)
                0x0000000020000400                __main_stack_end__ = .

.pstack         0x0000000020000400      0x400
                0x0000000020000400                . = ALIGN (0x8)
                0x0000000020000400                __process_stack_base__ = .
                0x0000000020000400                __main_thread_stack_base__ = .
                0x0000000020000800                . = (. + __process_stack_size__)
 *fill*         0x0000000020000400      0x400 
                0x0000000020000800                . = ALIGN (0x8)
                0x0000000020000800                __process_stack_end__ = .
                0x0000000020000800                __main_thread_stack_end__ = .

.nocache        0x0000000030040000        0x0
                0x0000000030040000                __nocache_base__ = .
 *(.nocache)
 *(.nocache.*)
 *(.bss.__nocache_*)
                0x0000000030040000                . = ALIGN (0x4)
                0x0000000030040000                __nocache_end__ = .

.eth            0x0000000030040000        0x0
                0x0000000030040000                __eth_base__ = .
 *(.eth)
 *(.eth.*)
 *(.bss.__eth_*)
                0x0000000030040000                . = ALIGN (0x4)
                0x0000000030040000                __eth_end__ = .

.vectors        0x0000000008000000      0x2a0
 *(.vectors)
 .vectors       0x0000000008000000      0x2a0 ./build/obj/vectors.o
                0x0000000008000000                _vectors

.xtors          0x00000000080002a0        0x0
                0x00000000080002a0                __init_array_base__ = .
 *(SORT_BY_NAME(.init_array.*))
 *(.init_array)
                0x00000000080002a0                __init_array_end__ = .
                0x00000000080002a0                __fini_array_base__ = .
 *(.fini_array)
 *(SORT_BY_NAME(.fini_array.*))
                0x00000000080002a0                __fini_array_end__ = .

.text           0x00000000080002a0     0x48ac
                0x00000000080002a0                __text_base__ = .
 *(.text)
 .text          0x00000000080002a0       0xd8 ./build/obj/crt0_v7m.o
                0x00000000080002a0                _crt0_entry
 .text          0x0000000008000378        0x8 ./build/obj/vectors.o
                0x0000000008000378                Reset_Handler
                0x000000000800037a                Vector58
                0x000000000800037a                VectorE8
                0x000000000800037a                Vector9C
                0x000000000800037a                VectorAC
                0x000000000800037a                DebugMon_Handler
                0x000000000800037a                Vector26C
                0x000000000800037a                Vector22C
                0x000000000800037a                Vector1A0
                0x000000000800037a                Vector5C
                0x000000000800037a                Vector224
                0x000000000800037a                Vector11C
                0x000000000800037a                HardFault_Handler
                0x000000000800037a                Vector1B8
                0x000000000800037a                Vector1F0
                0x000000000800037a                Vector19C
                0x000000000800037a                Vector1EC
                0x000000000800037a                Vector8C
                0x000000000800037a                SysTick_Handler
                0x000000000800037a                PendSV_Handler
                0x000000000800037a                Vector168
                0x000000000800037a                NMI_Handler
                0x000000000800037a                Vector270
                0x000000000800037a                Vector110
                0x000000000800037a                Vector274
                0x000000000800037a                Vector1D8
                0x000000000800037a                Vector1F4
                0x000000000800037a                VectorC8
                0x000000000800037a                Vector94
                0x000000000800037a                VectorA8
                0x000000000800037a                Vector204
                0x000000000800037a                VectorB4
                0x000000000800037a                Vector1FC
                0x000000000800037a                Vector160
                0x000000000800037a                Vector1B0
                0x000000000800037a                UsageFault_Handler
                0x000000000800037a                VectorEC
                0x000000000800037a                Vector234
                0x000000000800037a                Vector264
                0x000000000800037a                Vector40
                0x000000000800037a                VectorF8
                0x000000000800037a                Vector108
                0x000000000800037a                VectorBC
                0x000000000800037a                Vector190
                0x000000000800037a                Vector1E0
                0x000000000800037a                Vector1F8
                0x000000000800037a                Vector27C
                0x000000000800037a                Vector1C4
                0x000000000800037a                Vector1CC
                0x000000000800037a                Vector1E4
                0x000000000800037a                Vector20C
                0x000000000800037a                Vector148
                0x000000000800037a                Vector188
                0x000000000800037a                Vector23C
                0x000000000800037a                Vector118
                0x000000000800037a                Vector64
                0x000000000800037a                Vector54
                0x000000000800037a                Vector98
                0x000000000800037a                Vector284
                0x000000000800037a                Vector218
                0x000000000800037a                VectorD8
                0x000000000800037a                Vector138
                0x000000000800037a                Vector24
                0x000000000800037a                Vector200
                0x000000000800037a                Vector1AC
                0x000000000800037a                Vector178
                0x000000000800037a                Vector1A4
                0x000000000800037a                VectorD0
                0x000000000800037a                Vector1B4
                0x000000000800037a                Vector28C
                0x000000000800037a                Vector140
                0x000000000800037a                VectorE4
                0x000000000800037a                VectorC0
                0x000000000800037a                Vector1C0
                0x000000000800037a                Vector214
                0x000000000800037a                Vector134
                0x000000000800037a                Vector1D0
                0x000000000800037a                VectorF0
                0x000000000800037a                Vector210
                0x000000000800037a                Vector13C
                0x000000000800037a                Vector280
                0x000000000800037a                Vector100
                0x000000000800037a                VectorE0
                0x000000000800037a                VectorF4
                0x000000000800037a                MemManage_Handler
                0x000000000800037a                Vector238
                0x000000000800037a                VectorA0
                0x000000000800037a                VectorC4
                0x000000000800037a                Vector180
                0x000000000800037a                Vector288
                0x000000000800037a                Vector208
                0x000000000800037a                Vector90
                0x000000000800037a                Vector294
                0x000000000800037a                Vector114
                0x000000000800037a                Vector164
                0x000000000800037a                Vector60
                0x000000000800037a                Vector1C
                0x000000000800037a                Vector1BC
                0x000000000800037a                Vector17C
                0x000000000800037a                Vector48
                0x000000000800037a                Vector240
                0x000000000800037a                Vector1A8
                0x000000000800037a                Vector16C
                0x000000000800037a                Vector228
                0x000000000800037a                VectorD4
                0x000000000800037a                Vector278
                0x000000000800037a                Vector4C
                0x000000000800037a                Vector144
                0x000000000800037a                Vector15C
                0x000000000800037a                Vector68
                0x000000000800037a                Vector230
                0x000000000800037a                Vector290
                0x000000000800037a                Vector1E8
                0x000000000800037a                Vector170
                0x000000000800037a                Vector220
                0x000000000800037a                Vector298
                0x000000000800037a                Vector88
                0x000000000800037a                Vector29C
                0x000000000800037a                Vector184
                0x000000000800037a                Vector10C
                0x000000000800037a                Vector21C
                0x000000000800037a                Vector268
                0x000000000800037a                Vector14C
                0x000000000800037a                BusFault_Handler
                0x000000000800037a                Vector50
                0x000000000800037a                Vector1C8
                0x000000000800037a                Vector194
                0x000000000800037a                Vector1DC
                0x000000000800037a                Vector44
                0x000000000800037a                Vector28
                0x000000000800037a                VectorB8
                0x000000000800037a                Vector34
                0x000000000800037a                VectorA4
                0x000000000800037a                Vector20
                0x000000000800037a                Vector18C
                0x000000000800037a                Vector174
                0x000000000800037e                _unhandled_exception
 .text          0x0000000008000380       0x2a ./build/obj/chcoreasm_v7m.o
                0x0000000008000380                _port_switch
                0x0000000008000390                _port_thread_start
                0x00000000080003a2                _port_switch_from_isr
                0x00000000080003a6                _port_exit_from_isr
 *fill*         0x00000000080003aa        0x2 
 .text          0x00000000080003ac      0x134 /home/lukasz/ChibiStudio/tools/GNU Tools ARM Embedded/9.2.1 2019q4/bin/../lib/gcc/arm-none-eabi/9.2.1/../../../../arm-none-eabi/lib/thumb/v7e-m/nofp/libg.a(lib_a-memcpy.o)
                0x00000000080003ac                memcpy
 *(.text.*)
 .text.otg_txfifo_handler.constprop.0
                0x00000000080004e0       0x90 /tmp/ch.elf.2Q6PHS.ltrans0.ltrans.o
 .text.chCoreAllocFromTop
                0x0000000008000570       0x3c /tmp/ch.elf.2Q6PHS.ltrans0.ltrans.o
 *fill*         0x00000000080005ac        0x4 
 .text.notify3  0x00000000080005b0       0x10 /tmp/ch.elf.2Q6PHS.ltrans0.ltrans.o
 .text.get_descriptor
                0x00000000080005c0       0x34 /tmp/ch.elf.2Q6PHS.ltrans0.ltrans.o
 *fill*         0x00000000080005f4        0xc 
 .text._port_irq_epilogue
                0x0000000008000600       0x4c /tmp/ch.elf.2Q6PHS.ltrans0.ltrans.o
 *fill*         0x000000000800064c        0x4 
 .text.chCoreAllocAlignedI
                0x0000000008000650       0x28 /tmp/ch.elf.2Q6PHS.ltrans0.ltrans.o
 *fill*         0x0000000008000678        0x8 
 .text.chTMStopMeasurementX
                0x0000000008000680       0x44 /tmp/ch.elf.2Q6PHS.ltrans0.ltrans.o
 *fill*         0x00000000080006c4        0xc 
 .text.chTMStartMeasurementX
                0x00000000080006d0        0xc /tmp/ch.elf.2Q6PHS.ltrans0.ltrans.o
 *fill*         0x00000000080006dc        0x4 
 .text.wakeup   0x00000000080006e0       0x6c /tmp/ch.elf.2Q6PHS.ltrans0.ltrans.o
 *fill*         0x000000000800074c        0x4 
 .text.chSchReadyI
                0x0000000008000750       0x24 /tmp/ch.elf.2Q6PHS.ltrans0.ltrans.o
 *fill*         0x0000000008000774        0xc 
 .text.chThdDequeueAllI.constprop.0
                0x0000000008000780       0x24 /tmp/ch.elf.2Q6PHS.ltrans0.ltrans.o
 *fill*         0x00000000080007a4        0xc 
 .text.chThdDequeueNextI.constprop.0
                0x00000000080007b0       0x18 /tmp/ch.elf.2Q6PHS.ltrans0.ltrans.o
 *fill*         0x00000000080007c8        0x8 
 .text.chEvtBroadcastFlagsI
                0x00000000080007d0       0x58 /tmp/ch.elf.2Q6PHS.ltrans0.ltrans.o
 *fill*         0x0000000008000828        0x8 
 .text.trace_next
                0x0000000008000830       0x38 /tmp/ch.elf.2Q6PHS.ltrans0.ltrans.o
 *fill*         0x0000000008000868        0x8 
 .text._trace_switch.part.0
                0x0000000008000870       0x20 /tmp/ch.elf.2Q6PHS.ltrans0.ltrans.o
 .text._trace_isr_leave
                0x0000000008000890       0x2c /tmp/ch.elf.2Q6PHS.ltrans0.ltrans.o
 *fill*         0x00000000080008bc        0x4 
 .text._trace_isr_enter
                0x00000000080008c0       0x2c /tmp/ch.elf.2Q6PHS.ltrans0.ltrans.o
 *fill*         0x00000000080008ec        0x4 
 .text.chSysPolledDelayX
                0x00000000080008f0       0x14 /tmp/ch.elf.2Q6PHS.ltrans0.ltrans.o
 *fill*         0x0000000008000904        0xc 
 .text._idle_thread
                0x0000000008000910        0x4 /tmp/ch.elf.2Q6PHS.ltrans0.ltrans.o
 *fill*         0x0000000008000914        0xc 
 .text.sdc_lld_sync
                0x0000000008000920        0x4 /tmp/ch.elf.2Q6PHS.ltrans0.ltrans.o
 *fill*         0x0000000008000924        0xc 
 .text.sdc_lld_is_card_inserted
                0x0000000008000930        0x4 /tmp/ch.elf.2Q6PHS.ltrans0.ltrans.o
 *fill*         0x0000000008000934        0xc 
 .text.sdc_lld_collect_errors.isra.0
                0x0000000008000940       0x34 /tmp/ch.elf.2Q6PHS.ltrans0.ltrans.o
 *fill*         0x0000000008000974        0xc 
 .text.sdc_lld_send_cmd_long_crc
                0x0000000008000980       0x3c /tmp/ch.elf.2Q6PHS.ltrans0.ltrans.o
 *fill*         0x00000000080009bc        0x4 
 .text.sdc_lld_send_cmd_short_crc
                0x00000000080009c0       0x30 /tmp/ch.elf.2Q6PHS.ltrans0.ltrans.o
 .text.sdc_lld_error_cleanup
                0x00000000080009f0       0x2c /tmp/ch.elf.2Q6PHS.ltrans0.ltrans.o
 *fill*         0x0000000008000a1c        0x4 
 .text.usb_lld_start_in
                0x0000000008000a20       0xa8 /tmp/ch.elf.2Q6PHS.ltrans0.ltrans.o
 *fill*         0x0000000008000ac8        0x8 
 .text.otg_epin_handler.constprop.0
                0x0000000008000ad0       0x88 /tmp/ch.elf.2Q6PHS.ltrans0.ltrans.o
 *fill*         0x0000000008000b58        0x8 
 .text.usb_lld_start_out
                0x0000000008000b60       0x88 /tmp/ch.elf.2Q6PHS.ltrans0.ltrans.o
 *fill*         0x0000000008000be8        0x8 
 .text.otg_epout_handler.constprop.0
                0x0000000008000bf0       0x9c /tmp/ch.elf.2Q6PHS.ltrans0.ltrans.o
 *fill*         0x0000000008000c8c        0x4 
 .text._usb_ep0out
                0x0000000008000c90       0x98 /tmp/ch.elf.2Q6PHS.ltrans0.ltrans.o
 *fill*         0x0000000008000d28        0x8 
 .text._usb_ep0in
                0x0000000008000d30       0xdc /tmp/ch.elf.2Q6PHS.ltrans0.ltrans.o
 *fill*         0x0000000008000e0c        0x4 
 .text.usbStartTransmitI
                0x0000000008000e10       0x2c /tmp/ch.elf.2Q6PHS.ltrans0.ltrans.o
 *fill*         0x0000000008000e3c        0x4 
 .text.sduInterruptTransmitted
                0x0000000008000e40        0x4 /tmp/ch.elf.2Q6PHS.ltrans0.ltrans.o
 *fill*         0x0000000008000e44        0xc 
 .text.sduRequestsHook
                0x0000000008000e50       0x48 /tmp/ch.elf.2Q6PHS.ltrans0.ltrans.o
 *fill*         0x0000000008000e98        0x8 
 .text._ctl.lto_priv.0
                0x0000000008000ea0        0x4 /tmp/ch.elf.2Q6PHS.ltrans0.ltrans.o
 *fill*         0x0000000008000ea4        0xc 
 .text._ctl     0x0000000008000eb0        0x4 /tmp/ch.elf.2Q6PHS.ltrans0.ltrans.o
 *fill*         0x0000000008000eb4        0xc 
 .text.sdu_start_receive
                0x0000000008000ec0       0x60 /tmp/ch.elf.2Q6PHS.ltrans0.ltrans.o
 .text.ibnotify
                0x0000000008000f20        0x8 /tmp/ch.elf.2Q6PHS.ltrans0.ltrans.o
 *fill*         0x0000000008000f28        0x8 
 .text.sduDataReceived
                0x0000000008000f30       0x60 /tmp/ch.elf.2Q6PHS.ltrans0.ltrans.o
 .text.sdcGetInfo
                0x0000000008000f90       0x18 /tmp/ch.elf.2Q6PHS.ltrans0.ltrans.o
 *fill*         0x0000000008000fa8        0x8 
 .text.sdcSync  0x0000000008000fb0        0xc /tmp/ch.elf.2Q6PHS.ltrans0.ltrans.o
 *fill*         0x0000000008000fbc        0x4 
 .text._mmcsd_get_capacity
                0x0000000008000fc0       0x44 /tmp/ch.elf.2Q6PHS.ltrans0.ltrans.o
 *fill*         0x0000000008001004        0xc 
 .text.obqGetFullBufferI
                0x0000000008001010       0x1c /tmp/ch.elf.2Q6PHS.ltrans0.ltrans.o
 *fill*         0x000000000800102c        0x4 
 .text.obnotify
                0x0000000008001030       0x48 /tmp/ch.elf.2Q6PHS.ltrans0.ltrans.o
 *fill*         0x0000000008001078        0x8 
 .text.sof_handler
                0x0000000008001080       0x90 /tmp/ch.elf.2Q6PHS.ltrans0.ltrans.o
 .text.sduDataTransmitted
                0x0000000008001110       0xa4 /tmp/ch.elf.2Q6PHS.ltrans0.ltrans.o
 *fill*         0x00000000080011b4        0xc 
 .text.chSchWakeupS.constprop.0
                0x00000000080011c0       0x6c /tmp/ch.elf.2Q6PHS.ltrans0.ltrans.o
 *fill*         0x000000000800122c        0x4 
 .text.chSchGoSleepS
                0x0000000008001230       0x44 /tmp/ch.elf.2Q6PHS.ltrans0.ltrans.o
 *fill*         0x0000000008001274        0xc 
 .text.chSchGoSleepTimeoutS
                0x0000000008001280      0x110 /tmp/ch.elf.2Q6PHS.ltrans0.ltrans.o
 .text.chThdEnqueueTimeoutS
                0x0000000008001390       0x28 /tmp/ch.elf.2Q6PHS.ltrans0.ltrans.o
 *fill*         0x00000000080013b8        0x8 
 .text.oqPutTimeout
                0x00000000080013c0       0x54 /tmp/ch.elf.2Q6PHS.ltrans0.ltrans.o
 *fill*         0x0000000008001414        0xc 
 .text._putt.lto_priv.0
                0x0000000008001420        0x8 /tmp/ch.elf.2Q6PHS.ltrans0.ltrans.o
 *fill*         0x0000000008001428        0x8 
 .text._put.lto_priv.0
                0x0000000008001430        0xc /tmp/ch.elf.2Q6PHS.ltrans0.ltrans.o
 *fill*         0x000000000800143c        0x4 
 .text.iqGetTimeout
                0x0000000008001440       0x50 /tmp/ch.elf.2Q6PHS.ltrans0.ltrans.o
 .text._gett.lto_priv.0
                0x0000000008001490        0x8 /tmp/ch.elf.2Q6PHS.ltrans0.ltrans.o
 *fill*         0x0000000008001498        0x8 
 .text._get.lto_priv.0
                0x00000000080014a0        0xc /tmp/ch.elf.2Q6PHS.ltrans0.ltrans.o
 *fill*         0x00000000080014ac        0x4 
 .text.obqGetEmptyBufferTimeoutS
                0x00000000080014b0       0x34 /tmp/ch.elf.2Q6PHS.ltrans0.ltrans.o
 *fill*         0x00000000080014e4        0xc 
 .text.obqPutTimeout
                0x00000000080014f0       0x64 /tmp/ch.elf.2Q6PHS.ltrans0.ltrans.o
 *fill*         0x0000000008001554        0xc 
 .text._putt.lto_priv.1
                0x0000000008001560        0x8 /tmp/ch.elf.2Q6PHS.ltrans0.ltrans.o
 *fill*         0x0000000008001568        0x8 
 .text._put.lto_priv.1
                0x0000000008001570        0xc /tmp/ch.elf.2Q6PHS.ltrans0.ltrans.o
 *fill*         0x000000000800157c        0x4 
 .text.ibqGetFullBufferTimeoutS
                0x0000000008001580       0x34 /tmp/ch.elf.2Q6PHS.ltrans0.ltrans.o
 *fill*         0x00000000080015b4        0xc 
 .text.ibqGetTimeout
                0x00000000080015c0       0x5c /tmp/ch.elf.2Q6PHS.ltrans0.ltrans.o
 *fill*         0x000000000800161c        0x4 
 .text._gett.lto_priv.1
                0x0000000008001620        0x8 /tmp/ch.elf.2Q6PHS.ltrans0.ltrans.o
 *fill*         0x0000000008001628        0x8 
 .text._get.lto_priv.1
                0x0000000008001630        0xc /tmp/ch.elf.2Q6PHS.ltrans0.ltrans.o
 *fill*         0x000000000800163c        0x4 
 .text.chThdSleep
                0x0000000008001640       0x18 /tmp/ch.elf.2Q6PHS.ltrans0.ltrans.o
 *fill*         0x0000000008001658        0x8 
 .text.Thread1  0x0000000008001660       0x6c /tmp/ch.elf.2Q6PHS.ltrans0.ltrans.o
 *fill*         0x00000000080016cc        0x4 
 .text._sdc_wait_for_transfer_state
                0x00000000080016d0       0x48 /tmp/ch.elf.2Q6PHS.ltrans0.ltrans.o
 *fill*         0x0000000008001718        0x8 
 .text.sdcDisconnect
                0x0000000008001720       0x3c /tmp/ch.elf.2Q6PHS.ltrans0.ltrans.o
 *fill*         0x000000000800175c        0x4 
 .text.chprintf.constprop.0
                0x0000000008001760      0x4c4 /tmp/ch.elf.2Q6PHS.ltrans0.ltrans.o
 *fill*         0x0000000008001c24        0xc 
 .text.sdc_lld_wait_transaction_end
                0x0000000008001c30       0x6c /tmp/ch.elf.2Q6PHS.ltrans0.ltrans.o
 *fill*         0x0000000008001c9c        0x4 
 .text.sdc_lld_write_aligned.part.0
                0x0000000008001ca0       0x88 /tmp/ch.elf.2Q6PHS.ltrans0.ltrans.o
 *fill*         0x0000000008001d28        0x8 
 .text.sdc_lld_read_aligned.part.0
                0x0000000008001d30       0x88 /tmp/ch.elf.2Q6PHS.ltrans0.ltrans.o
 *fill*         0x0000000008001db8        0x8 
 .text.sdc_lld_read_special
                0x0000000008001dc0       0x80 /tmp/ch.elf.2Q6PHS.ltrans0.ltrans.o
 .text._usb_ep0setup
                0x0000000008001e40      0x430 /tmp/ch.elf.2Q6PHS.ltrans0.ltrans.o
 .text.sdcWrite
                0x0000000008002270       0xa0 /tmp/ch.elf.2Q6PHS.ltrans0.ltrans.o
 .text.sdcRead  0x0000000008002310       0xa0 /tmp/ch.elf.2Q6PHS.ltrans0.ltrans.o
 .text.oqWriteTimeout
                0x00000000080023b0       0xe0 /tmp/ch.elf.2Q6PHS.ltrans0.ltrans.o
 .text._writet.lto_priv.0
                0x0000000008002490        0x8 /tmp/ch.elf.2Q6PHS.ltrans0.ltrans.o
 *fill*         0x0000000008002498        0x8 
 .text._write.lto_priv.0
                0x00000000080024a0        0xc /tmp/ch.elf.2Q6PHS.ltrans0.ltrans.o
 *fill*         0x00000000080024ac        0x4 
 .text.iqReadTimeout
                0x00000000080024b0       0xe0 /tmp/ch.elf.2Q6PHS.ltrans0.ltrans.o
 .text._readt.lto_priv.0
                0x0000000008002590        0x8 /tmp/ch.elf.2Q6PHS.ltrans0.ltrans.o
 *fill*         0x0000000008002598        0x8 
 .text._read.lto_priv.0
                0x00000000080025a0        0xc /tmp/ch.elf.2Q6PHS.ltrans0.ltrans.o
 *fill*         0x00000000080025ac        0x4 
 .text.obqWriteTimeout
                0x00000000080025b0       0xdc /tmp/ch.elf.2Q6PHS.ltrans0.ltrans.o
 *fill*         0x000000000800268c        0x4 
 .text._writet.lto_priv.1
                0x0000000008002690        0x8 /tmp/ch.elf.2Q6PHS.ltrans0.ltrans.o
 *fill*         0x0000000008002698        0x8 
 .text._write.lto_priv.1
                0x00000000080026a0        0xc /tmp/ch.elf.2Q6PHS.ltrans0.ltrans.o
 *fill*         0x00000000080026ac        0x4 
 .text.ibqReadTimeout
                0x00000000080026b0       0xd8 /tmp/ch.elf.2Q6PHS.ltrans0.ltrans.o
 *fill*         0x0000000008002788        0x8 
 .text._readt.lto_priv.1
                0x0000000008002790        0x8 /tmp/ch.elf.2Q6PHS.ltrans0.ltrans.o
 *fill*         0x0000000008002798        0x8 
 .text._read.lto_priv.1
                0x00000000080027a0        0xc /tmp/ch.elf.2Q6PHS.ltrans0.ltrans.o
 *fill*         0x00000000080027ac        0x4 
 .text.usbInitEndpointI
                0x00000000080027b0      0x168 /tmp/ch.elf.2Q6PHS.ltrans0.ltrans.o
 *fill*         0x0000000008002918        0x8 
 .text.usb_event
                0x0000000008002920       0xe0 /tmp/ch.elf.2Q6PHS.ltrans0.ltrans.o
 .text.sdcConnect
                0x0000000008002a00      0x424 /tmp/ch.elf.2Q6PHS.ltrans0.ltrans.o
 *fill*         0x0000000008002e24        0xc 
 .text.startup.main
                0x0000000008002e30      0x930 /tmp/ch.elf.2Q6PHS.ltrans0.ltrans.o
                0x0000000008002e30                main
 .text.SVC_Handler
                0x0000000008003760       0x14 /tmp/ch.elf.2Q6PHS.ltrans0.ltrans.o
                0x0000000008003760                SVC_Handler
 *fill*         0x0000000008003774        0xc 
 .text.chThdExit
                0x0000000008003780       0x4c /tmp/ch.elf.2Q6PHS.ltrans0.ltrans.o
                0x0000000008003780                chThdExit
 *fill*         0x00000000080037cc        0x4 
 .text.chSchDoReschedule
                0x00000000080037d0       0x5c /tmp/ch.elf.2Q6PHS.ltrans0.ltrans.o
                0x00000000080037d0                chSchDoReschedule
 *fill*         0x000000000800382c        0x4 
 .text.__early_init
                0x0000000008003830      0x3e8 /tmp/ch.elf.2Q6PHS.ltrans0.ltrans.o
                0x0000000008003830                __early_init
 *fill*         0x0000000008003c18        0x8 
 .text.Vector198
                0x0000000008003c20       0x2c /tmp/ch.elf.2Q6PHS.ltrans0.ltrans.o
                0x0000000008003c20                Vector198
 *fill*         0x0000000008003c4c        0x4 
 .text.VectorCC
                0x0000000008003c50       0x2c /tmp/ch.elf.2Q6PHS.ltrans0.ltrans.o
                0x0000000008003c50                VectorCC
 *fill*         0x0000000008003c7c        0x4 
 .text.Vector1D4
                0x0000000008003c80      0x508 /tmp/ch.elf.2Q6PHS.ltrans0.ltrans.o
                0x0000000008003c80                Vector1D4
 *fill*         0x0000000008004188        0x8 
 .text.Vector158
                0x0000000008004190       0x3c /tmp/ch.elf.2Q6PHS.ltrans0.ltrans.o
                0x0000000008004190                Vector158
 *fill*         0x00000000080041cc        0x4 
 .text.Vector154
                0x00000000080041d0       0x3c /tmp/ch.elf.2Q6PHS.ltrans0.ltrans.o
                0x00000000080041d0                Vector154
 *fill*         0x000000000800420c        0x4 
 .text.Vector150
                0x0000000008004210       0x3c /tmp/ch.elf.2Q6PHS.ltrans0.ltrans.o
                0x0000000008004210                Vector150
 *fill*         0x000000000800424c        0x4 
 .text.Vector130
                0x0000000008004250       0x38 /tmp/ch.elf.2Q6PHS.ltrans0.ltrans.o
                0x0000000008004250                Vector130
 *fill*         0x0000000008004288        0x8 
 .text.Vector12C
                0x0000000008004290       0x3c /tmp/ch.elf.2Q6PHS.ltrans0.ltrans.o
                0x0000000008004290                Vector12C
 *fill*         0x00000000080042cc        0x4 
 .text.Vector128
                0x00000000080042d0       0x3c /tmp/ch.elf.2Q6PHS.ltrans0.ltrans.o
                0x00000000080042d0                Vector128
 *fill*         0x000000000800430c        0x4 
 .text.Vector124
                0x0000000008004310       0x3c /tmp/ch.elf.2Q6PHS.ltrans0.ltrans.o
                0x0000000008004310                Vector124
 *fill*         0x000000000800434c        0x4 
 .text.Vector120
                0x0000000008004350       0x38 /tmp/ch.elf.2Q6PHS.ltrans0.ltrans.o
                0x0000000008004350                Vector120
 *fill*         0x0000000008004388        0x8 
 .text.VectorFC
                0x0000000008004390       0x3c /tmp/ch.elf.2Q6PHS.ltrans0.ltrans.o
                0x0000000008004390                VectorFC
 *fill*         0x00000000080043cc        0x4 
 .text.Vector84
                0x00000000080043d0       0x3c /tmp/ch.elf.2Q6PHS.ltrans0.ltrans.o
                0x00000000080043d0                Vector84
 *fill*         0x000000000800440c        0x4 
 .text.Vector80
                0x0000000008004410       0x3c /tmp/ch.elf.2Q6PHS.ltrans0.ltrans.o
                0x0000000008004410                Vector80
 *fill*         0x000000000800444c        0x4 
 .text.Vector7C
                0x0000000008004450       0x38 /tmp/ch.elf.2Q6PHS.ltrans0.ltrans.o
                0x0000000008004450                Vector7C
 *fill*         0x0000000008004488        0x8 
 .text.Vector78
                0x0000000008004490       0x3c /tmp/ch.elf.2Q6PHS.ltrans0.ltrans.o
                0x0000000008004490                Vector78
 *fill*         0x00000000080044cc        0x4 
 .text.Vector74
                0x00000000080044d0       0x3c /tmp/ch.elf.2Q6PHS.ltrans0.ltrans.o
                0x00000000080044d0                Vector74
 *fill*         0x000000000800450c        0x4 
 .text.Vector70
                0x0000000008004510       0x3c /tmp/ch.elf.2Q6PHS.ltrans0.ltrans.o
                0x0000000008004510                Vector70
 *fill*         0x000000000800454c        0x4 
 .text.Vector6C
                0x0000000008004550       0x38 /tmp/ch.elf.2Q6PHS.ltrans0.ltrans.o
                0x0000000008004550                Vector6C
 *fill*         0x0000000008004588        0x8 
 .text.Vector260
                0x0000000008004590       0x3c /tmp/ch.elf.2Q6PHS.ltrans0.ltrans.o
                0x0000000008004590                Vector260
 *fill*         0x00000000080045cc        0x4 
 .text.Vector25C
                0x00000000080045d0       0x3c /tmp/ch.elf.2Q6PHS.ltrans0.ltrans.o
                0x00000000080045d0                Vector25C
 *fill*         0x000000000800460c        0x4 
 .text.Vector258
                0x0000000008004610       0x3c /tmp/ch.elf.2Q6PHS.ltrans0.ltrans.o
                0x0000000008004610                Vector258
 *fill*         0x000000000800464c        0x4 
 .text.Vector254
                0x0000000008004650       0x3c /tmp/ch.elf.2Q6PHS.ltrans0.ltrans.o
                0x0000000008004650                Vector254
 *fill*         0x000000000800468c        0x4 
 .text.Vector250
                0x0000000008004690       0x3c /tmp/ch.elf.2Q6PHS.ltrans0.ltrans.o
                0x0000000008004690                Vector250
 *fill*         0x00000000080046cc        0x4 
 .text.Vector24C
                0x00000000080046d0       0x3c /tmp/ch.elf.2Q6PHS.ltrans0.ltrans.o
                0x00000000080046d0                Vector24C
 *fill*         0x000000000800470c        0x4 
 .text.Vector248
                0x0000000008004710       0x3c /tmp/ch.elf.2Q6PHS.ltrans0.ltrans.o
                0x0000000008004710                Vector248
 *fill*         0x000000000800474c        0x4 
 .text.Vector244
                0x0000000008004750       0x38 /tmp/ch.elf.2Q6PHS.ltrans0.ltrans.o
                0x0000000008004750                Vector244
 *fill*         0x0000000008004788        0x8 
 .text.VectorB0
                0x0000000008004790       0xd0 /tmp/ch.elf.2Q6PHS.ltrans0.ltrans.o
                0x0000000008004790                VectorB0
 .text.VectorDC
                0x0000000008004860      0x19c /tmp/ch.elf.2Q6PHS.ltrans0.ltrans.o
                0x0000000008004860                VectorDC
 *fill*         0x00000000080049fc        0x4 
 .text.Vector104
                0x0000000008004a00       0x40 /tmp/ch.elf.2Q6PHS.ltrans0.ltrans.o
                0x0000000008004a00                Vector104
 .text.__init_ram_areas
                0x0000000008004a40       0x68 /tmp/ch.elf.2Q6PHS.ltrans0.ltrans.o
                0x0000000008004a40                __init_ram_areas
 *fill*         0x0000000008004aa8        0x8 
 .text.__default_exit
                0x0000000008004ab0        0x4 /tmp/ch.elf.2Q6PHS.ltrans0.ltrans.o
                0x0000000008004ab0                __default_exit
 *fill*         0x0000000008004ab4        0xc 
 .text.__late_init
                0x0000000008004ac0        0x4 /tmp/ch.elf.2Q6PHS.ltrans0.ltrans.o
                0x0000000008004ac0                __late_init
 *fill*         0x0000000008004ac4        0xc 
 .text.__core_init
                0x0000000008004ad0       0x7c /tmp/ch.elf.2Q6PHS.ltrans0.ltrans.o
                0x0000000008004ad0                __core_init
 *(.glue_7t)
 .glue_7t       0x0000000008004b4c        0x0 linker stubs
 *(.glue_7)
 .glue_7        0x0000000008004b4c        0x0 linker stubs
 *(.gcc*)
                0x0000000008004b4c                __text_end__ = .

.vfp11_veneer   0x0000000008004b4c        0x0
 .vfp11_veneer  0x0000000008004b4c        0x0 linker stubs

.v4_bx          0x0000000008004b4c        0x0
 .v4_bx         0x0000000008004b4c        0x0 linker stubs

.iplt           0x0000000008004b4c        0x0
 .iplt          0x0000000008004b4c        0x0 ./build/obj/crt0_v7m.o

.rodata         0x0000000008004b4c      0x5dc
                0x0000000008004b4c                __rodata_base__ = .
 *(.rodata)
 *(.rodata.*)
 .rodata.Thread1.str1.4
                0x0000000008004b4c        0x8 /tmp/ch.elf.2Q6PHS.ltrans0.ltrans.o
 .rodata.chprintf.constprop.0.str1.4
                0x0000000008004b54       0x1f /tmp/ch.elf.2Q6PHS.ltrans0.ltrans.o
 *fill*         0x0000000008004b73        0x1 
 .rodata.main.str1.4
                0x0000000008004b74        0xf /tmp/ch.elf.2Q6PHS.ltrans0.ltrans.o
 *fill*         0x0000000008004b83        0x1 
 .rodata.__func__.10102
                0x0000000008004b84        0x9 /tmp/ch.elf.2Q6PHS.ltrans0.ltrans.o
 *fill*         0x0000000008004b8d        0x3 
 .rodata.__func__.10106
                0x0000000008004b90        0xa /tmp/ch.elf.2Q6PHS.ltrans0.ltrans.o
 *fill*         0x0000000008004b9a        0x2 
 .rodata.__func__.10107
                0x0000000008004b9c        0x9 /tmp/ch.elf.2Q6PHS.ltrans0.ltrans.o
 *fill*         0x0000000008004ba5        0x3 
 .rodata.__func__.10111
                0x0000000008004ba8        0xa /tmp/ch.elf.2Q6PHS.ltrans0.ltrans.o
 *fill*         0x0000000008004bb2        0x2 
 .rodata.__func__.10112
                0x0000000008004bb4        0x9 /tmp/ch.elf.2Q6PHS.ltrans0.ltrans.o
 *fill*         0x0000000008004bbd        0x3 
 .rodata.__func__.10116
                0x0000000008004bc0        0xa /tmp/ch.elf.2Q6PHS.ltrans0.ltrans.o
 *fill*         0x0000000008004bca        0x2 
 .rodata.__func__.10117
                0x0000000008004bcc        0x9 /tmp/ch.elf.2Q6PHS.ltrans0.ltrans.o
 *fill*         0x0000000008004bd5        0x3 
 .rodata.__func__.10121
                0x0000000008004bd8        0xa /tmp/ch.elf.2Q6PHS.ltrans0.ltrans.o
 *fill*         0x0000000008004be2        0x2 
 .rodata.__func__.10122
                0x0000000008004be4        0x9 /tmp/ch.elf.2Q6PHS.ltrans0.ltrans.o
 *fill*         0x0000000008004bed        0x3 
 .rodata.__func__.10126
                0x0000000008004bf0        0xa /tmp/ch.elf.2Q6PHS.ltrans0.ltrans.o
 *fill*         0x0000000008004bfa        0x2 
 .rodata.__func__.10127
                0x0000000008004bfc        0x9 /tmp/ch.elf.2Q6PHS.ltrans0.ltrans.o
 *fill*         0x0000000008004c05        0x3 
 .rodata.__func__.10129
                0x0000000008004c08        0x9 /tmp/ch.elf.2Q6PHS.ltrans0.ltrans.o
 *fill*         0x0000000008004c11        0x3 
 .rodata.__func__.10131
                0x0000000008004c14        0xa /tmp/ch.elf.2Q6PHS.ltrans0.ltrans.o
 *fill*         0x0000000008004c1e        0x2 
 .rodata.__func__.10132
                0x0000000008004c20        0x9 /tmp/ch.elf.2Q6PHS.ltrans0.ltrans.o
 *fill*         0x0000000008004c29        0x3 
 .rodata.__func__.10133
                0x0000000008004c2c        0xa /tmp/ch.elf.2Q6PHS.ltrans0.ltrans.o
 *fill*         0x0000000008004c36        0x2 
 .rodata.__func__.10136
                0x0000000008004c38        0xa /tmp/ch.elf.2Q6PHS.ltrans0.ltrans.o
 *fill*         0x0000000008004c42        0x2 
 .rodata.__func__.10137
                0x0000000008004c44        0x9 /tmp/ch.elf.2Q6PHS.ltrans0.ltrans.o
 *fill*         0x0000000008004c4d        0x3 
 .rodata.__func__.10141
                0x0000000008004c50        0xa /tmp/ch.elf.2Q6PHS.ltrans0.ltrans.o
 *fill*         0x0000000008004c5a        0x2 
 .rodata.__func__.10142
                0x0000000008004c5c        0xa /tmp/ch.elf.2Q6PHS.ltrans0.ltrans.o
 *fill*         0x0000000008004c66        0x2 
 .rodata.__func__.10147
                0x0000000008004c68        0xa /tmp/ch.elf.2Q6PHS.ltrans0.ltrans.o
 *fill*         0x0000000008004c72        0x2 
 .rodata.__func__.10152
                0x0000000008004c74        0xa /tmp/ch.elf.2Q6PHS.ltrans0.ltrans.o
 *fill*         0x0000000008004c7e        0x2 
 .rodata.__func__.10157
                0x0000000008004c80        0xa /tmp/ch.elf.2Q6PHS.ltrans0.ltrans.o
 *fill*         0x0000000008004c8a        0x2 
 .rodata.__func__.10162
                0x0000000008004c8c        0xa /tmp/ch.elf.2Q6PHS.ltrans0.ltrans.o
 *fill*         0x0000000008004c96        0x2 
 .rodata.__func__.10167
                0x0000000008004c98        0xa /tmp/ch.elf.2Q6PHS.ltrans0.ltrans.o
 *fill*         0x0000000008004ca2        0x2 
 .rodata.__func__.10172
                0x0000000008004ca4        0xa /tmp/ch.elf.2Q6PHS.ltrans0.ltrans.o
 *fill*         0x0000000008004cae        0x2 
 .rodata.__func__.10177
                0x0000000008004cb0        0xa /tmp/ch.elf.2Q6PHS.ltrans0.ltrans.o
 *fill*         0x0000000008004cba        0x2 
 .rodata.__func__.10189
                0x0000000008004cbc        0xa /tmp/ch.elf.2Q6PHS.ltrans0.ltrans.o
 *fill*         0x0000000008004cc6        0x2 
 .rodata.__func__.10217
                0x0000000008004cc8        0x9 /tmp/ch.elf.2Q6PHS.ltrans0.ltrans.o
 *fill*         0x0000000008004cd1        0x3 
 .rodata.__func__.10269
                0x0000000008004cd4        0x9 /tmp/ch.elf.2Q6PHS.ltrans0.ltrans.o
 *fill*         0x0000000008004cdd        0x3 
 .rodata.__func__.10625
                0x0000000008004ce0        0xa /tmp/ch.elf.2Q6PHS.ltrans0.ltrans.o
 *fill*         0x0000000008004cea        0x2 
 .rodata._stm32_bdma_streams
                0x0000000008004cec       0xa0 /tmp/ch.elf.2Q6PHS.ltrans0.ltrans.o
 .rodata._stm32_dma_streams
                0x0000000008004d8c      0x100 /tmp/ch.elf.2Q6PHS.ltrans0.ltrans.o
 .rodata.active_status
                0x0000000008004e8c        0x2 /tmp/ch.elf.2Q6PHS.ltrans0.ltrans.o
 *fill*         0x0000000008004e8e        0x2 
 .rodata.ch_debug
                0x0000000008004e90       0x16 /tmp/ch.elf.2Q6PHS.ltrans0.ltrans.o
 *fill*         0x0000000008004ea6        0x2 
 .rodata.ep0config
                0x0000000008004ea8       0x24 /tmp/ch.elf.2Q6PHS.ltrans0.ltrans.o
 .rodata.ep1config
                0x0000000008004ecc       0x24 /tmp/ch.elf.2Q6PHS.ltrans0.ltrans.o
 .rodata.ep2config
                0x0000000008004ef0       0x24 /tmp/ch.elf.2Q6PHS.ltrans0.ltrans.o
 .rodata.fsparams
                0x0000000008004f14        0xc /tmp/ch.elf.2Q6PHS.ltrans0.ltrans.o
 .rodata.halted_status
                0x0000000008004f20        0x2 /tmp/ch.elf.2Q6PHS.ltrans0.ltrans.o
 *fill*         0x0000000008004f22        0x2 
 .rodata.ram_areas
                0x0000000008004f24       0x80 /tmp/ch.elf.2Q6PHS.ltrans0.ltrans.o
 .rodata.sdc_vmt
                0x0000000008004fa4       0x24 /tmp/ch.elf.2Q6PHS.ltrans0.ltrans.o
 .rodata.serusbcfg
                0x0000000008004fc8        0x8 /tmp/ch.elf.2Q6PHS.ltrans0.ltrans.o
 .rodata.usbcfg
                0x0000000008004fd0       0x10 /tmp/ch.elf.2Q6PHS.ltrans0.ltrans.o
 .rodata.vcom_configuration_descriptor
                0x0000000008004fe0        0x8 /tmp/ch.elf.2Q6PHS.ltrans0.ltrans.o
 .rodata.vcom_configuration_descriptor_data
                0x0000000008004fe8       0x43 /tmp/ch.elf.2Q6PHS.ltrans0.ltrans.o
 *fill*         0x000000000800502b        0x1 
 .rodata.vcom_device_descriptor
                0x000000000800502c        0x8 /tmp/ch.elf.2Q6PHS.ltrans0.ltrans.o
 .rodata.vcom_device_descriptor_data
                0x0000000008005034       0x12 /tmp/ch.elf.2Q6PHS.ltrans0.ltrans.o
 *fill*         0x0000000008005046        0x2 
 .rodata.vcom_string0
                0x0000000008005048        0x4 /tmp/ch.elf.2Q6PHS.ltrans0.ltrans.o
 .rodata.vcom_string1
                0x000000000800504c       0x26 /tmp/ch.elf.2Q6PHS.ltrans0.ltrans.o
 *fill*         0x0000000008005072        0x2 
 .rodata.vcom_string2
                0x0000000008005074       0x38 /tmp/ch.elf.2Q6PHS.ltrans0.ltrans.o
 .rodata.vcom_string3
                0x00000000080050ac        0x8 /tmp/ch.elf.2Q6PHS.ltrans0.ltrans.o
 .rodata.vcom_strings
                0x00000000080050b4       0x20 /tmp/ch.elf.2Q6PHS.ltrans0.ltrans.o
 .rodata.vmt.lto_priv.0
                0x00000000080050d4       0x28 /tmp/ch.elf.2Q6PHS.ltrans0.ltrans.o
 .rodata.vmt.lto_priv.1
                0x00000000080050fc       0x28 /tmp/ch.elf.2Q6PHS.ltrans0.ltrans.o
 .rodata.zero_status
                0x0000000008005124        0x2 /tmp/ch.elf.2Q6PHS.ltrans0.ltrans.o
                0x0000000008005128                . = ALIGN (0x4)
 *fill*         0x0000000008005126        0x2 
                0x0000000008005128                __rodata_end__ = .

.rel.dyn        0x0000000008005128        0x0
 .rel.iplt      0x0000000008005128        0x0 ./build/obj/crt0_v7m.o

.ARM.extab
 *(.ARM.extab* .gnu.linkonce.armextab.*)

.ARM.exidx      0x0000000008005128        0x0
                0x0000000008005128                __exidx_base__ = .
                0x0000000008005128                __exidx_start = .
 *(.ARM.exidx* .gnu.linkonce.armexidx.*)
                0x0000000008005128                __exidx_end__ = .
                0x0000000008005128                __exidx_end = .

.eh_frame_hdr
 *(.eh_frame_hdr)

.eh_frame
 *(.eh_frame)

.data           0x0000000024000000        0x8 load address 0x0000000008005128
                [!provide]                        PROVIDE (_textdata = LOADADDR (.data))
                [!provide]                        PROVIDE (_data = .)
                0x0000000008005128                __textdata_base__ = LOADADDR (.data)
                0x0000000024000000                __data_base__ = .
 *(.data)
 *(.data.*)
 .data.linecoding
                0x0000000024000000        0x7 /tmp/ch.elf.2Q6PHS.ltrans0.ltrans.o
 *(.ramtext)
                0x0000000024000008                . = ALIGN (0x4)
 *fill*         0x0000000024000007        0x1 
                [!provide]                        PROVIDE (_edata = .)
                0x0000000024000008                __data_end__ = .

.igot.plt       0x0000000024000008        0x0 load address 0x0000000008005130
 .igot.plt      0x0000000024000008        0x0 ./build/obj/crt0_v7m.o

.bss            0x0000000024000008     0x1478 load address 0x0000000008005130
                0x0000000024000008                __bss_base__ = .
 *(.bss)
 *(.bss.*)
 .bss.SD3       0x0000000024000008       0x60 /tmp/ch.elf.2Q6PHS.ltrans0.ltrans.o
 .bss.SDCD1     0x0000000024000068      0x248 /tmp/ch.elf.2Q6PHS.ltrans0.ltrans.o
 .bss.SDU1      0x00000000240002b0      0x490 /tmp/ch.elf.2Q6PHS.ltrans0.ltrans.o
 .bss.SPID1     0x0000000024000740       0x34 /tmp/ch.elf.2Q6PHS.ltrans0.ltrans.o
 .bss.SPID6     0x0000000024000774       0x34 /tmp/ch.elf.2Q6PHS.ltrans0.ltrans.o
 .bss.USBD1     0x00000000240007a8       0x9c /tmp/ch.elf.2Q6PHS.ltrans0.ltrans.o
 .bss.bdma      0x0000000024000844       0x44 /tmp/ch.elf.2Q6PHS.ltrans0.ltrans.o
 .bss.ch        0x0000000024000888      0x880 /tmp/ch.elf.2Q6PHS.ltrans0.ltrans.o
 .bss.ch_factory
                0x0000000024001108       0x48 /tmp/ch.elf.2Q6PHS.ltrans0.ltrans.o
 .bss.ch_idle_thread_wa
                0x0000000024001150       0xd8 /tmp/ch.elf.2Q6PHS.ltrans0.ltrans.o
 .bss.ch_memcore
                0x0000000024001228        0x8 /tmp/ch.elf.2Q6PHS.ltrans0.ltrans.o
 .bss.default_heap
                0x0000000024001230       0x1c /tmp/ch.elf.2Q6PHS.ltrans0.ltrans.o
 .bss.dma       0x000000002400124c       0x84 /tmp/ch.elf.2Q6PHS.ltrans0.ltrans.o
 .bss.ep0_state
                0x00000000240012d0       0x10 /tmp/ch.elf.2Q6PHS.ltrans0.ltrans.o
 .bss.ep0setup_buffer
                0x00000000240012e0        0x8 /tmp/ch.elf.2Q6PHS.ltrans0.ltrans.o
 .bss.ep1instate
                0x00000000240012e8       0x10 /tmp/ch.elf.2Q6PHS.ltrans0.ltrans.o
 .bss.ep1outstate
                0x00000000240012f8       0x10 /tmp/ch.elf.2Q6PHS.ltrans0.ltrans.o
 .bss.ep2instate
                0x0000000024001308       0x10 /tmp/ch.elf.2Q6PHS.ltrans0.ltrans.o
 .bss.sd_in_buf3
                0x0000000024001318       0x10 /tmp/ch.elf.2Q6PHS.ltrans0.ltrans.o
 .bss.sd_out_buf3
                0x0000000024001328       0x10 /tmp/ch.elf.2Q6PHS.ltrans0.ltrans.o
 .bss.waThread1
                0x0000000024001338      0x148 /tmp/ch.elf.2Q6PHS.ltrans0.ltrans.o
 *(COMMON)
                0x0000000024001480                . = ALIGN (0x4)
                0x0000000024001480                __bss_end__ = .
                [!provide]                        PROVIDE (end = .)
                0x0000000024000000                __ram0_base__ = ORIGIN (ram0)
                0x0000000000080000                __ram0_size__ = LENGTH (ram0)
                0x0000000024080000                __ram0_end__ = (__ram0_base__ + __ram0_size__)
                0x0000000030000000                __ram1_base__ = ORIGIN (ram1)
                0x0000000000040000                __ram1_size__ = LENGTH (ram1)
                0x0000000030040000                __ram1_end__ = (__ram1_base__ + __ram1_size__)
                0x0000000030000000                __ram2_base__ = ORIGIN (ram2)
                0x0000000000048000                __ram2_size__ = LENGTH (ram2)
                0x0000000030048000                __ram2_end__ = (__ram2_base__ + __ram2_size__)
                0x0000000030040000                __ram3_base__ = ORIGIN (ram3)
                0x0000000000008000                __ram3_size__ = LENGTH (ram3)
                0x0000000030048000                __ram3_end__ = (__ram3_base__ + __ram3_size__)
                0x0000000038000000                __ram4_base__ = ORIGIN (ram4)
                0x0000000000010000                __ram4_size__ = LENGTH (ram4)
                0x0000000038010000                __ram4_end__ = (__ram4_base__ + __ram4_size__)
                0x0000000020000000                __ram5_base__ = ORIGIN (ram5)
                0x0000000000020000                __ram5_size__ = LENGTH (ram5)
                0x0000000020020000                __ram5_end__ = (__ram5_base__ + __ram5_size__)
                0x0000000000000000                __ram6_base__ = ORIGIN (ram6)
                0x0000000000010000                __ram6_size__ = LENGTH (ram6)
                0x0000000000010000                __ram6_end__ = (__ram6_base__ + __ram6_size__)
                0x0000000038800000                __ram7_base__ = ORIGIN (ram7)
                0x0000000000001000                __ram7_size__ = LENGTH (ram7)
                0x0000000038801000                __ram7_end__ = (__ram7_base__ + __ram7_size__)
                0x0000000008000000                __flash0_base__ = ORIGIN (flash0)
                0x0000000000200000                __flash0_size__ = LENGTH (flash0)
                0x0000000008200000                __flash0_end__ = (__flash0_base__ + __flash0_size__)
                0x0000000008000000                __flash1_base__ = ORIGIN (flash1)
                0x0000000000100000                __flash1_size__ = LENGTH (flash1)
                0x0000000008100000                __flash1_end__ = (__flash1_base__ + __flash1_size__)
                0x0000000008100000                __flash2_base__ = ORIGIN (flash2)
                0x0000000000100000                __flash2_size__ = LENGTH (flash2)
                0x0000000008200000                __flash2_end__ = (__flash2_base__ + __flash2_size__)
                0x0000000000000000                __flash3_base__ = ORIGIN (flash3)
                0x0000000000000000                __flash3_size__ = LENGTH (flash3)
                0x0000000000000000                __flash3_end__ = (__flash3_base__ + __flash3_size__)
                0x0000000000000000                __flash4_base__ = ORIGIN (flash4)
                0x0000000000000000                __flash4_size__ = LENGTH (flash4)
                0x0000000000000000                __flash4_end__ = (__flash4_base__ + __flash4_size__)
                0x0000000000000000                __flash5_base__ = ORIGIN (flash5)
                0x0000000000000000                __flash5_size__ = LENGTH (flash5)
                0x0000000000000000                __flash5_end__ = (__flash5_base__ + __flash5_size__)
                0x0000000000000000                __flash6_base__ = ORIGIN (flash6)
                0x0000000000000000                __flash6_size__ = LENGTH (flash6)
                0x0000000000000000                __flash6_end__ = (__flash6_base__ + __flash6_size__)
                0x0000000000000000                __flash7_base__ = ORIGIN (flash7)
                0x0000000000000000                __flash7_size__ = LENGTH (flash7)
                0x0000000000000000                __flash7_end__ = (__flash7_base__ + __flash7_size__)

.ram0_init      0x0000000024001480        0x0 load address 0x0000000008005130
                0x0000000008005130                __ram0_init_text__ = LOADADDR (.ram0_init)
                0x0000000024001480                __ram0_init__ = .
 *(.ram0_init)
 *(.ram0_init.*)
                0x0000000024001480                . = ALIGN (0x4)

.ram0           0x0000000024001480        0x0 load address 0x0000000008005130
                0x0000000024001480                __ram0_clear__ = .
 *(.ram0_clear)
 *(.ram0_clear.*)
                0x0000000024001480                . = ALIGN (0x4)
                0x0000000024001480                __ram0_noinit__ = .
 *(.ram0)
 *(.ram0.*)
                0x0000000024001480                . = ALIGN (0x4)
                0x0000000024001480                __ram0_free__ = .

.ram1_init      0x0000000030000000        0x0 load address 0x0000000008005130
                0x0000000008005130                __ram1_init_text__ = LOADADDR (.ram1_init)
                0x0000000030000000                __ram1_init__ = .
 *(.ram1_init)
 *(.ram1_init.*)
                0x0000000030000000                . = ALIGN (0x4)

.ram1           0x0000000030000000        0x0 load address 0x0000000008005130
                0x0000000030000000                __ram1_clear__ = .
 *(.ram1_clear)
 *(.ram1_clear.*)
                0x0000000030000000                . = ALIGN (0x4)
                0x0000000030000000                __ram1_noinit__ = .
 *(.ram1)
 *(.ram1.*)
                0x0000000030000000                . = ALIGN (0x4)
                0x0000000030000000                __ram1_free__ = .

.ram2_init      0x0000000030000000        0x0 load address 0x0000000008005130
                0x0000000008005130                __ram2_init_text__ = LOADADDR (.ram2_init)
                0x0000000030000000                __ram2_init__ = .
 *(.ram2_init)
 *(.ram2_init.*)
                0x0000000030000000                . = ALIGN (0x4)

.ram2           0x0000000030000000        0x0 load address 0x0000000008005130
                0x0000000030000000                __ram2_clear__ = .
 *(.ram2_clear)
 *(.ram2_clear.*)
                0x0000000030000000                . = ALIGN (0x4)
                0x0000000030000000                __ram2_noinit__ = .
 *(.ram2)
 *(.ram2.*)
                0x0000000030000000                . = ALIGN (0x4)
                0x0000000030000000                __ram2_free__ = .

.ram3_init      0x0000000030040000        0x0 load address 0x0000000008005130
                0x0000000008005130                __ram3_init_text__ = LOADADDR (.ram3_init)
                0x0000000030040000                __ram3_init__ = .
 *(.ram3_init)
 *(.ram3_init.*)
                0x0000000030040000                . = ALIGN (0x4)

.ram3           0x0000000030040000        0x0 load address 0x0000000008005130
                0x0000000030040000                __ram3_clear__ = .
 *(.ram3_clear)
 *(.ram3_clear.*)
                0x0000000030040000                . = ALIGN (0x4)
                0x0000000030040000                __ram3_noinit__ = .
 *(.ram3)
 *(.ram3.*)
                0x0000000030040000                . = ALIGN (0x4)
                0x0000000030040000                __ram3_free__ = .

.ram4_init      0x0000000038000000        0x0 load address 0x0000000008005130
                0x0000000008005130                __ram4_init_text__ = LOADADDR (.ram4_init)
                0x0000000038000000                __ram4_init__ = .
 *(.ram4_init)
 *(.ram4_init.*)
                0x0000000038000000                . = ALIGN (0x4)

.ram4           0x0000000038000000        0x0 load address 0x0000000008005130
                0x0000000038000000                __ram4_clear__ = .
 *(.ram4_clear)
 *(.ram4_clear.*)
                0x0000000038000000                . = ALIGN (0x4)
                0x0000000038000000                __ram4_noinit__ = .
 *(.ram4)
 *(.ram4.*)
                0x0000000038000000                . = ALIGN (0x4)
                0x0000000038000000                __ram4_free__ = .

.ram5_init      0x0000000020000800        0x0 load address 0x0000000008005130
                0x0000000008005130                __ram5_init_text__ = LOADADDR (.ram5_init)
                0x0000000020000800                __ram5_init__ = .
 *(.ram5_init)
 *(.ram5_init.*)
                0x0000000020000800                . = ALIGN (0x4)

.ram5           0x0000000020000800        0x0 load address 0x0000000008005130
                0x0000000020000800                __ram5_clear__ = .
 *(.ram5_clear)
 *(.ram5_clear.*)
                0x0000000020000800                . = ALIGN (0x4)
                0x0000000020000800                __ram5_noinit__ = .
 *(.ram5)
 *(.ram5.*)
                0x0000000020000800                . = ALIGN (0x4)
                0x0000000020000800                __ram5_free__ = .

.ram6_init      0x0000000000000000        0x0 load address 0x0000000008005130
                0x0000000008005130                __ram6_init_text__ = LOADADDR (.ram6_init)
                0x0000000000000000                __ram6_init__ = .
 *(.ram6_init)
 *(.ram6_init.*)
                0x0000000000000000                . = ALIGN (0x4)

.ram6           0x0000000000000000        0x0 load address 0x0000000008005130
                0x0000000000000000                __ram6_clear__ = .
 *(.ram6_clear)
 *(.ram6_clear.*)
                0x0000000000000000                . = ALIGN (0x4)
                0x0000000000000000                __ram6_noinit__ = .
 *(.ram6)
 *(.ram6.*)
                0x0000000000000000                . = ALIGN (0x4)
                0x0000000000000000                __ram6_free__ = .

.ram7_init      0x0000000038800000        0x0 load address 0x0000000008005130
                0x0000000008005130                __ram7_init_text__ = LOADADDR (.ram7_init)
                0x0000000038800000                __ram7_init__ = .
 *(.ram7_init)
 *(.ram7_init.*)
                0x0000000038800000                . = ALIGN (0x4)

.ram7           0x0000000038800000        0x0 load address 0x0000000008005130
                0x0000000038800000                __ram7_clear__ = .
 *(.ram7_clear)
 *(.ram7_clear.*)
                0x0000000038800000                . = ALIGN (0x4)
                0x0000000038800000                __ram7_noinit__ = .
 *(.ram7)
 *(.ram7.*)
                0x0000000038800000                . = ALIGN (0x4)
                0x0000000038800000                __ram7_free__ = .

.flash0         0x0000000008000000        0x0
                0x0000000008000000                __flash0_init__ = .
 *(.flash0_init)
 *(.flash0_init.*)
                0x0000000008000000                __flash0_free__ = .

.flash1         0x0000000008005130        0x0
                0x0000000008005130                __flash1_init__ = .
 *(.flash1_init)
 *(.flash1_init.*)
                0x0000000008005130                __flash1_free__ = .

.flash2         0x0000000008100000        0x0
                0x0000000008100000                __flash2_init__ = .
 *(.flash2_init)
 *(.flash2_init.*)
                0x0000000008100000                __flash2_free__ = .

.flash3         0x0000000000000000        0x0
                0x0000000000000000                __flash3_init__ = .
 *(.flash3_init)
 *(.flash3_init.*)
                0x0000000000000000                __flash3_free__ = .

.flash4         0x0000000000000000        0x0
                0x0000000000000000                __flash4_init__ = .
 *(.flash4_init)
 *(.flash4_init.*)
                0x0000000000000000                __flash4_free__ = .

.flash5         0x0000000000000000        0x0
                0x0000000000000000                __flash5_init__ = .
 *(.flash5_init)
 *(.flash5_init.*)
                0x0000000000000000                __flash5_free__ = .

.flash6         0x0000000000000000        0x0
                0x0000000000000000                __flash6_init__ = .
 *(.flash6_init)
 *(.flash6_init.*)
                0x0000000000000000                __flash6_free__ = .

.flash7         0x0000000000000000        0x0
                0x0000000000000000                __flash7_init__ = .
 *(.flash7_init)
 *(.flash7_init.*)
                0x0000000000000000                __flash7_free__ = .

.heap           0x0000000024001480    0x7eb80
                0x0000000024001480                . = ALIGN (0x8)
                0x0000000024001480                __heap_base__ = .
                0x0000000024080000                . = (ORIGIN (HEAP_RAM) + LENGTH (HEAP_RAM))
 *fill*         0x0000000024001480    0x7eb80 
                0x0000000024080000                __heap_end__ = .
                0x0000000000000400                __process_stack_size__ = 0x400
                0x0000000000000400                __main_stack_size__ = 0x400
START GROUP
LOAD /home/lukasz/ChibiStudio/tools/GNU Tools ARM Embedded/9.2.1 2019q4/bin/../lib/gcc/arm-none-eabi/9.2.1/thumb/v7e-m/nofp/libgcc.a
LOAD /home/lukasz/ChibiStudio/tools/GNU Tools ARM Embedded/9.2.1 2019q4/bin/../lib/gcc/arm-none-eabi/9.2.1/../../../../arm-none-eabi/lib/thumb/v7e-m/nofp/libg.a
LOAD /home/lukasz/ChibiStudio/tools/GNU Tools ARM Embedded/9.2.1 2019q4/bin/../lib/gcc/arm-none-eabi/9.2.1/../../../../arm-none-eabi/lib/thumb/v7e-m/nofp/libc.a
END GROUP
OUTPUT(build/ch.elf elf32-littlearm)

.ARM.attributes
                0x0000000000000000       0x2d
 .ARM.attributes
                0x0000000000000000       0x21 ./build/obj/crt0_v7m.o
 .ARM.attributes
                0x0000000000000021       0x21 ./build/obj/vectors.o
 .ARM.attributes
                0x0000000000000042       0x21 ./build/obj/chcoreasm_v7m.o
 .ARM.attributes
                0x0000000000000063       0x2c /tmp/ch.elf.2Q6PHS.ltrans0.ltrans.o
 .ARM.attributes
                0x000000000000008f       0x1c /home/lukasz/ChibiStudio/tools/GNU Tools ARM Embedded/9.2.1 2019q4/bin/../lib/gcc/arm-none-eabi/9.2.1/../../../../arm-none-eabi/lib/thumb/v7e-m/nofp/libg.a(lib_a-memcpy.o)

.comment        0x0000000000000000       0x79
 .comment       0x0000000000000000       0x79 /tmp/ch.elf.2Q6PHS.ltrans0.ltrans.o
                                         0x7a (size before relaxing)

.debug_line     0x0000000000000000    0x1960e
 .debug_line    0x0000000000000000       0xd2 ./build/obj/crt0_v7m.o
 .debug_line    0x00000000000000d2       0x7c ./build/obj/vectors.o
 .debug_line    0x000000000000014e       0x92 ./build/obj/chcoreasm_v7m.o
 .debug_line    0x00000000000001e0     0x980d /tmp/ch.elf.2Q6PHS.ltrans0.ltrans.o
 .debug_line    0x00000000000099ed      0x1e3 /tmp/ccRL5sQp.debug.temp.o
 .debug_line    0x0000000000009bd0      0x6d9 /tmp/cceDSn59.debug.temp.o
 .debug_line    0x000000000000a2a9      0x6fb /tmp/cckbwxll.debug.temp.o
 .debug_line    0x000000000000a9a4      0x731 /tmp/ccep11v0.debug.temp.o
 .debug_line    0x000000000000b0d5      0x71f /tmp/ccHbHwf0.debug.temp.o
 .debug_line    0x000000000000b7f4      0x6ee /tmp/ccWppFot.debug.temp.o
 .debug_line    0x000000000000bee2      0x6bb /tmp/cc5QZM8q.debug.temp.o
 .debug_line    0x000000000000c59d      0x6b7 /tmp/ccQEv2ad.debug.temp.o
 .debug_line    0x000000000000cc54      0x70d /tmp/ccRji4Bg.debug.temp.o
 .debug_line    0x000000000000d361      0x6ef /tmp/ccLQGNdk.debug.temp.o
 .debug_line    0x000000000000da50      0x729 /tmp/ccmnOmvZ.debug.temp.o
 .debug_line    0x000000000000e179      0x6ec /tmp/cc1rKA6U.debug.temp.o
 .debug_line    0x000000000000e865      0x70d /tmp/cc4chLhN.debug.temp.o
 .debug_line    0x000000000000ef72      0x6b7 /tmp/cc86Y7Ob.debug.temp.o
 .debug_line    0x000000000000f629      0xa0b /tmp/ccYIeMGG.debug.temp.o
 .debug_line    0x0000000000010034      0x6cb /tmp/ccGBt9Ye.debug.temp.o
 .debug_line    0x00000000000106ff      0x6ce /tmp/ccN1OI8P.debug.temp.o
 .debug_line    0x0000000000010dcd      0x6cd /tmp/cc1WyEQ0.debug.temp.o
 .debug_line    0x000000000001149a      0x68d /tmp/cc044tM8.debug.temp.o
 .debug_line    0x0000000000011b27      0x6f0 /tmp/ccJ6rfVw.debug.temp.o
 .debug_line    0x0000000000012217      0x6f0 /tmp/ccwiz7VF.debug.temp.o
 .debug_line    0x0000000000012907      0x6cf /tmp/cciEJZVz.debug.temp.o
 .debug_line    0x0000000000012fd6      0x710 /tmp/ccLSl3OI.debug.temp.o
 .debug_line    0x00000000000136e6      0x6d2 /tmp/ccVNeXhH.debug.temp.o
 .debug_line    0x0000000000013db8      0x6bf /tmp/ccTmvhEC.debug.temp.o
 .debug_line    0x0000000000014477      0x3ea /tmp/cc41IBdN.debug.temp.o
 .debug_line    0x0000000000014861      0x3d2 /tmp/ccmmAr72.debug.temp.o
 .debug_line    0x0000000000014c33      0x3c0 /tmp/ccV84rXI.debug.temp.o
 .debug_line    0x0000000000014ff3      0x3bf /tmp/cc6yXQ2J.debug.temp.o
 .debug_line    0x00000000000153b2      0x3e3 /tmp/ccmSjgzZ.debug.temp.o
 .debug_line    0x0000000000015795      0x3a4 /tmp/ccmR4cJF.debug.temp.o
 .debug_line    0x0000000000015b39      0x3e9 /tmp/ccT0i8XM.debug.temp.o
 .debug_line    0x0000000000015f22      0x3b4 /tmp/cc24j4zW.debug.temp.o
 .debug_line    0x00000000000162d6      0x3c5 /tmp/ccrSBmdA.debug.temp.o
 .debug_line    0x000000000001669b      0x3d7 /tmp/ccYC2Let.debug.temp.o
 .debug_line    0x0000000000016a72      0x3bb /tmp/cc0gvu57.debug.temp.o
 .debug_line    0x0000000000016e2d      0x3bd /tmp/ccA7n3oq.debug.temp.o
 .debug_line    0x00000000000171ea      0x3bc /tmp/ccVlgv2C.debug.temp.o
 .debug_line    0x00000000000175a6      0x3f3 /tmp/cc8BhAz1.debug.temp.o
 .debug_line    0x0000000000017999      0x408 /tmp/ccBHozxr.debug.temp.o
 .debug_line    0x0000000000017da1      0x3cb /tmp/ccvtOuGX.debug.temp.o
 .debug_line    0x000000000001816c      0x6f6 /tmp/ccFzjptG.debug.temp.o
 .debug_line    0x0000000000018862      0x6ee /tmp/ccaycty2.debug.temp.o
 .debug_line    0x0000000000018f50      0x6be /tmp/cch7P05N.debug.temp.o

.debug_info     0x0000000000000000    0x6ab21
 .debug_info    0x0000000000000000       0x26 ./build/obj/crt0_v7m.o
 .debug_info    0x0000000000000026       0x26 ./build/obj/vectors.o
 .debug_info    0x000000000000004c       0x26 ./build/obj/chcoreasm_v7m.o
 .debug_info    0x0000000000000072     0xaf27 /tmp/ch.elf.2Q6PHS.ltrans0.ltrans.o
 .debug_info    0x000000000000af99      0x737 /tmp/ccRL5sQp.debug.temp.o
                0x000000000000af99                crt1.c.f9c41b68
 .debug_info    0x000000000000b6d0     0x2604 /tmp/cceDSn59.debug.temp.o
                0x000000000000b6d0                hal.c.f7c69fd1
 .debug_info    0x000000000000dcd4     0x2861 /tmp/cckbwxll.debug.temp.o
                0x000000000000dcd4                hal_st.c.218ceb45
 .debug_info    0x0000000000010535     0x3642 /tmp/ccep11v0.debug.temp.o
                0x0000000000010535                hal_buffers.c.27ac9264
 .debug_info    0x0000000000013b77     0x345b /tmp/ccHbHwf0.debug.temp.o
                0x0000000000013b77                hal_queues.c.baa39797
 .debug_info    0x0000000000016fd2     0x29c7 /tmp/ccWppFot.debug.temp.o
                0x0000000000016fd2                hal_flash.c.2a4841dd
 .debug_info    0x0000000000019999     0x2fb8 /tmp/cc5QZM8q.debug.temp.o
                0x0000000000019999                hal_mmcsd.c.b92512a6
 .debug_info    0x000000000001c951     0x2720 /tmp/ccQEv2ad.debug.temp.o
                0x000000000001c951                hal_pal.c.3fcac21e
 .debug_info    0x000000000001f071     0x3653 /tmp/ccRji4Bg.debug.temp.o
                0x000000000001f071                hal_sdc.c.292ccf5c
 .debug_info    0x00000000000226c4     0x2ac2 /tmp/ccLQGNdk.debug.temp.o
                0x00000000000226c4                hal_serial.c.02336c81
 .debug_info    0x0000000000025186     0x2f13 /tmp/ccmnOmvZ.debug.temp.o
                0x0000000000025186                hal_serial_usb.c.7c21ca87
 .debug_info    0x0000000000028099     0x2ae6 /tmp/cc1rKA6U.debug.temp.o
                0x0000000000028099                hal_spi.c.75bd3797
 .debug_info    0x000000000002ab7f     0x33b7 /tmp/cc4chLhN.debug.temp.o
                0x000000000002ab7f                hal_usb.c.4eb52b53
 .debug_info    0x000000000002df36     0x2b4a /tmp/cc86Y7Ob.debug.temp.o
                0x000000000002df36                nvic.c.2147bb93
 .debug_info    0x0000000000030a80     0x286f /tmp/ccYIeMGG.debug.temp.o
                0x0000000000030a80                stm32_isr.c.ea311057
 .debug_info    0x00000000000332ef     0x341c /tmp/ccGBt9Ye.debug.temp.o
                0x00000000000332ef                hal_lld.c.2d749ea4
 .debug_info    0x000000000003670b     0x2d80 /tmp/ccN1OI8P.debug.temp.o
                0x000000000003670b                stm32_bdma.c.35409d97
 .debug_info    0x000000000003948b     0x2f0a /tmp/cc1WyEQ0.debug.temp.o
                0x000000000003948b                stm32_dma.c.456e898c
 .debug_info    0x000000000003c395     0x26bb /tmp/cc044tM8.debug.temp.o
                0x000000000003c395                hal_pal_lld.c.dbec8f5f
 .debug_info    0x000000000003ea50     0x39c8 /tmp/ccJ6rfVw.debug.temp.o
                0x000000000003ea50                hal_usb_lld.c.bbf2546e
 .debug_info    0x0000000000042418     0x3978 /tmp/ccwiz7VF.debug.temp.o
                0x0000000000042418                hal_sdc_lld.c.bf357bb9
 .debug_info    0x0000000000045d90     0x2e34 /tmp/cciEJZVz.debug.temp.o
                0x0000000000045d90                hal_spi_lld.c.d3ef2bf9
 .debug_info    0x0000000000048bc4     0x2c8a /tmp/ccLSl3OI.debug.temp.o
                0x0000000000048bc4                hal_st_lld.c.87aa04e0
 .debug_info    0x000000000004b84e     0x2c36 /tmp/ccVNeXhH.debug.temp.o
                0x000000000004b84e                hal_serial_lld.c.8979926b
 .debug_info    0x000000000004e484     0x2b64 /tmp/ccTmvhEC.debug.temp.o
                0x000000000004e484                board.c.27bd0bd6
 .debug_info    0x0000000000050fe8     0x1173 /tmp/cc41IBdN.debug.temp.o
                0x0000000000050fe8                chsys.c.62e95c1d
 .debug_info    0x000000000005215b      0xf2d /tmp/ccmmAr72.debug.temp.o
                0x000000000005215b                chtrace.c.acecca39
 .debug_info    0x0000000000053088      0xd31 /tmp/ccV84rXI.debug.temp.o
                0x0000000000053088                chvt.c.b7da52b2
 .debug_info    0x0000000000053db9      0xeb8 /tmp/cc6yXQ2J.debug.temp.o
                0x0000000000053db9                chschd.c.ce440e08
 .debug_info    0x0000000000054c71     0x1436 /tmp/ccmSjgzZ.debug.temp.o
                0x0000000000054c71                chthreads.c.ea96a904
 .debug_info    0x00000000000560a7      0xe90 /tmp/ccmR4cJF.debug.temp.o
                0x00000000000560a7                chtm.c.7be8306a
 .debug_info    0x0000000000056f37     0x15a0 /tmp/ccT0i8XM.debug.temp.o
                0x0000000000056f37                chregistry.c.5b79ba57
 .debug_info    0x00000000000584d7      0xeed /tmp/cc24j4zW.debug.temp.o
                0x00000000000584d7                chmtx.c.4aadbf00
 .debug_info    0x00000000000593c4     0x1103 /tmp/ccrSBmdA.debug.temp.o
                0x00000000000593c4                chevents.c.aa7eadfd
 .debug_info    0x000000000005a4c7      0xe72 /tmp/ccYC2Let.debug.temp.o
                0x000000000005a4c7                chdynamic.c.fdcbe6df
 .debug_info    0x000000000005b339      0xd99 /tmp/cc0gvu57.debug.temp.o
                0x000000000005b339                chmemcore.c.d28d7ee9
 .debug_info    0x000000000005c0d2      0xe8f /tmp/ccA7n3oq.debug.temp.o
                0x000000000005c0d2                chmemheaps.c.9494dfc8
 .debug_info    0x000000000005cf61      0xf44 /tmp/ccVlgv2C.debug.temp.o
                0x000000000005cf61                chmempools.c.850cdd9b
 .debug_info    0x000000000005dea5      0xfc4 /tmp/cc8BhAz1.debug.temp.o
                0x000000000005dea5                chdelegates.c.bda122df
 .debug_info    0x000000000005ee69     0x1e4c /tmp/ccBHozxr.debug.temp.o
                0x000000000005ee69                chfactory.c.f2bcb347
 .debug_info    0x0000000000060cb5     0x2045 /tmp/ccvtOuGX.debug.temp.o
                0x0000000000060cb5                chcore_v7m.c.0dfc891f
 .debug_info    0x0000000000062cfa     0x2af2 /tmp/ccFzjptG.debug.temp.o
                0x0000000000062cfa                usbcfg.c.84efddda
 .debug_info    0x00000000000657ec     0x29e1 /tmp/ccaycty2.debug.temp.o
                0x00000000000657ec                chprintf.c.0e0a701d
 .debug_info    0x00000000000681cd     0x2954 /tmp/cch7P05N.debug.temp.o
                0x00000000000681cd                main.c.50c1fcea

.debug_abbrev   0x0000000000000000     0x8971
 .debug_abbrev  0x0000000000000000       0x14 ./build/obj/crt0_v7m.o
 .debug_abbrev  0x0000000000000014       0x14 ./build/obj/vectors.o
 .debug_abbrev  0x0000000000000028       0x14 ./build/obj/chcoreasm_v7m.o
 .debug_abbrev  0x000000000000003c      0x384 /tmp/ch.elf.2Q6PHS.ltrans0.ltrans.o
 .debug_abbrev  0x00000000000003c0      0x17f /tmp/ccRL5sQp.debug.temp.o
 .debug_abbrev  0x000000000000053f      0x28f /tmp/cceDSn59.debug.temp.o
 .debug_abbrev  0x00000000000007ce      0x315 /tmp/cckbwxll.debug.temp.o
 .debug_abbrev  0x0000000000000ae3      0x399 /tmp/ccep11v0.debug.temp.o
 .debug_abbrev  0x0000000000000e7c      0x3ac /tmp/ccHbHwf0.debug.temp.o
 .debug_abbrev  0x0000000000001228      0x2df /tmp/ccWppFot.debug.temp.o
 .debug_abbrev  0x0000000000001507      0x30f /tmp/cc5QZM8q.debug.temp.o
 .debug_abbrev  0x0000000000001816      0x2d4 /tmp/ccQEv2ad.debug.temp.o
 .debug_abbrev  0x0000000000001aea      0x3c3 /tmp/ccRji4Bg.debug.temp.o
 .debug_abbrev  0x0000000000001ead      0x360 /tmp/ccLQGNdk.debug.temp.o
 .debug_abbrev  0x000000000000220d      0x396 /tmp/ccmnOmvZ.debug.temp.o
 .debug_abbrev  0x00000000000025a3      0x334 /tmp/cc1rKA6U.debug.temp.o
 .debug_abbrev  0x00000000000028d7      0x38e /tmp/cc4chLhN.debug.temp.o
 .debug_abbrev  0x0000000000002c65      0x2bc /tmp/cc86Y7Ob.debug.temp.o
 .debug_abbrev  0x0000000000002f21      0x2ad /tmp/ccYIeMGG.debug.temp.o
 .debug_abbrev  0x00000000000031ce      0x2e1 /tmp/ccGBt9Ye.debug.temp.o
 .debug_abbrev  0x00000000000034af      0x341 /tmp/ccN1OI8P.debug.temp.o
 .debug_abbrev  0x00000000000037f0      0x350 /tmp/cc1WyEQ0.debug.temp.o
 .debug_abbrev  0x0000000000003b40      0x2c5 /tmp/cc044tM8.debug.temp.o
 .debug_abbrev  0x0000000000003e05      0x3c2 /tmp/ccJ6rfVw.debug.temp.o
 .debug_abbrev  0x00000000000041c7      0x3af /tmp/ccwiz7VF.debug.temp.o
 .debug_abbrev  0x0000000000004576      0x37e /tmp/cciEJZVz.debug.temp.o
 .debug_abbrev  0x00000000000048f4      0x2de /tmp/ccLSl3OI.debug.temp.o
 .debug_abbrev  0x0000000000004bd2      0x359 /tmp/ccVNeXhH.debug.temp.o
 .debug_abbrev  0x0000000000004f2b      0x2e4 /tmp/ccTmvhEC.debug.temp.o
 .debug_abbrev  0x000000000000520f      0x385 /tmp/cc41IBdN.debug.temp.o
 .debug_abbrev  0x0000000000005594      0x2bc /tmp/ccmmAr72.debug.temp.o
 .debug_abbrev  0x0000000000005850      0x2ba /tmp/ccV84rXI.debug.temp.o
 .debug_abbrev  0x0000000000005b0a      0x315 /tmp/cc6yXQ2J.debug.temp.o
 .debug_abbrev  0x0000000000005e1f      0x304 /tmp/ccmSjgzZ.debug.temp.o
 .debug_abbrev  0x0000000000006123      0x251 /tmp/ccmR4cJF.debug.temp.o
 .debug_abbrev  0x0000000000006374      0x2f4 /tmp/ccT0i8XM.debug.temp.o
 .debug_abbrev  0x0000000000006668      0x2f7 /tmp/cc24j4zW.debug.temp.o
 .debug_abbrev  0x000000000000695f      0x2ec /tmp/ccrSBmdA.debug.temp.o
 .debug_abbrev  0x0000000000006c4b      0x273 /tmp/ccYC2Let.debug.temp.o
 .debug_abbrev  0x0000000000006ebe      0x295 /tmp/cc0gvu57.debug.temp.o
 .debug_abbrev  0x0000000000007153      0x2d8 /tmp/ccA7n3oq.debug.temp.o
 .debug_abbrev  0x000000000000742b      0x2db /tmp/ccVlgv2C.debug.temp.o
 .debug_abbrev  0x0000000000007706      0x2c1 /tmp/cc8BhAz1.debug.temp.o
 .debug_abbrev  0x00000000000079c7      0x33b /tmp/ccBHozxr.debug.temp.o
 .debug_abbrev  0x0000000000007d02      0x31e /tmp/ccvtOuGX.debug.temp.o
 .debug_abbrev  0x0000000000008020      0x300 /tmp/ccFzjptG.debug.temp.o
 .debug_abbrev  0x0000000000008320      0x363 /tmp/ccaycty2.debug.temp.o
 .debug_abbrev  0x0000000000008683      0x2ee /tmp/cch7P05N.debug.temp.o

.debug_aranges  0x0000000000000000      0x480
 .debug_aranges
                0x0000000000000000       0x20 ./build/obj/crt0_v7m.o
 .debug_aranges
                0x0000000000000020       0x20 ./build/obj/vectors.o
 .debug_aranges
                0x0000000000000040       0x20 ./build/obj/chcoreasm_v7m.o
 .debug_aranges
                0x0000000000000060      0x420 /tmp/ch.elf.2Q6PHS.ltrans0.ltrans.o

.debug_str      0x0000000000000000     0x6900
 .debug_str     0x0000000000000000       0x97 ./build/obj/crt0_v7m.o
 .debug_str     0x0000000000000097       0x47 ./build/obj/vectors.o
                                         0x96 (size before relaxing)
 .debug_str     0x00000000000000de       0x4b ./build/obj/chcoreasm_v7m.o
                                         0x9a (size before relaxing)
 .debug_str     0x0000000000000129      0x166 /tmp/ch.elf.2Q6PHS.ltrans0.ltrans.o
                                        0x1c3 (size before relaxing)
 .debug_str     0x000000000000028f      0x5c9 /tmp/ccRL5sQp.debug.temp.o
                                        0x682 (size before relaxing)
 .debug_str     0x0000000000000858     0x1078 /tmp/cceDSn59.debug.temp.o
                                       0x13fd (size before relaxing)
 .debug_str     0x00000000000018d0      0x13b /tmp/cckbwxll.debug.temp.o
                                       0x1500 (size before relaxing)
 .debug_str     0x0000000000001a0b      0x6c3 /tmp/ccep11v0.debug.temp.o
                                       0x1af0 (size before relaxing)
 .debug_str     0x00000000000020ce       0xd4 /tmp/ccHbHwf0.debug.temp.o
                                       0x1972 (size before relaxing)
 .debug_str     0x00000000000021a2      0x27b /tmp/ccWppFot.debug.temp.o
                                       0x165b (size before relaxing)
 .debug_str     0x000000000000241d      0x371 /tmp/cc5QZM8q.debug.temp.o
                                       0x174a (size before relaxing)
 .debug_str     0x000000000000278e       0x78 /tmp/ccQEv2ad.debug.temp.o
                                       0x1450 (size before relaxing)
 .debug_str     0x0000000000002806      0x312 /tmp/ccRji4Bg.debug.temp.o
                                       0x1b6e (size before relaxing)
 .debug_str     0x0000000000002b18      0x12a /tmp/ccLQGNdk.debug.temp.o
                                       0x156f (size before relaxing)
 .debug_str     0x0000000000002c42      0x25a /tmp/ccmnOmvZ.debug.temp.o
                                       0x17c4 (size before relaxing)
 .debug_str     0x0000000000002e9c      0x159 /tmp/cc1rKA6U.debug.temp.o
                                       0x15a2 (size before relaxing)
 .debug_str     0x0000000000002ff5      0x192 /tmp/cc4chLhN.debug.temp.o
                                       0x1a51 (size before relaxing)
 .debug_str     0x0000000000003187       0xb5 /tmp/cc86Y7Ob.debug.temp.o
                                       0x15d0 (size before relaxing)
 .debug_str     0x000000000000323c      0x4bb /tmp/ccYIeMGG.debug.temp.o
                                       0x1889 (size before relaxing)
 .debug_str     0x00000000000036f7      0x497 /tmp/ccGBt9Ye.debug.temp.o
                                       0x19d7 (size before relaxing)
 .debug_str     0x0000000000003b8e      0x12b /tmp/ccN1OI8P.debug.temp.o
                                       0x1771 (size before relaxing)
 .debug_str     0x0000000000003cb9      0x103 /tmp/cc1WyEQ0.debug.temp.o
                                       0x17d9 (size before relaxing)
 .debug_str     0x0000000000003dbc       0x8f /tmp/cc044tM8.debug.temp.o
                                       0x1479 (size before relaxing)
 .debug_str     0x0000000000003e4b      0x301 /tmp/ccJ6rfVw.debug.temp.o
                                       0x1da0 (size before relaxing)
 .debug_str     0x000000000000414c      0x250 /tmp/ccwiz7VF.debug.temp.o
                                       0x1d6c (size before relaxing)
 .debug_str     0x000000000000439c      0x1cd /tmp/cciEJZVz.debug.temp.o
                                       0x187c (size before relaxing)
 .debug_str     0x0000000000004569       0xe6 /tmp/ccLSl3OI.debug.temp.o
                                       0x1796 (size before relaxing)
 .debug_str     0x000000000000464f       0xc3 /tmp/ccVNeXhH.debug.temp.o
                                       0x177b (size before relaxing)
 .debug_str     0x0000000000004712      0x11a /tmp/ccTmvhEC.debug.temp.o
                                       0x1725 (size before relaxing)
 .debug_str     0x000000000000482c      0x2fd /tmp/cc41IBdN.debug.temp.o
                                        0xb3a (size before relaxing)
 .debug_str     0x0000000000004b29       0xe6 /tmp/ccmmAr72.debug.temp.o
                                        0x9bc (size before relaxing)
 .debug_str     0x0000000000004c0f       0x75 /tmp/ccV84rXI.debug.temp.o
                                        0x86a (size before relaxing)
 .debug_str     0x0000000000004c84      0x14e /tmp/cc6yXQ2J.debug.temp.o
                                        0x952 (size before relaxing)
 .debug_str     0x0000000000004dd2      0x27a /tmp/ccmSjgzZ.debug.temp.o
                                        0xac0 (size before relaxing)
 .debug_str     0x000000000000504c       0xc6 /tmp/ccmR4cJF.debug.temp.o
                                        0x902 (size before relaxing)
 .debug_str     0x0000000000005112       0xae /tmp/ccT0i8XM.debug.temp.o
                                        0xc47 (size before relaxing)
 .debug_str     0x00000000000051c0       0xc6 /tmp/cc24j4zW.debug.temp.o
                                        0x8b0 (size before relaxing)
 .debug_str     0x0000000000005286      0x1aa /tmp/ccrSBmdA.debug.temp.o
                                        0x9ba (size before relaxing)
 .debug_str     0x0000000000005430       0xa7 /tmp/ccYC2Let.debug.temp.o
                                        0x893 (size before relaxing)
 .debug_str     0x00000000000054d7       0xab /tmp/cc0gvu57.debug.temp.o
                                        0x85e (size before relaxing)
 .debug_str     0x0000000000005582       0xa9 /tmp/ccA7n3oq.debug.temp.o
                                        0x873 (size before relaxing)
 .debug_str     0x000000000000562b      0x149 /tmp/ccVlgv2C.debug.temp.o
                                        0x90f (size before relaxing)
 .debug_str     0x0000000000005774      0x188 /tmp/cc8BhAz1.debug.temp.o
                                        0x945 (size before relaxing)
 .debug_str     0x00000000000058fc      0x3e9 /tmp/ccBHozxr.debug.temp.o
                                        0xfff (size before relaxing)
 .debug_str     0x0000000000005ce5      0x985 /tmp/ccvtOuGX.debug.temp.o
                                       0x1783 (size before relaxing)
 .debug_str     0x000000000000666a      0x134 /tmp/ccFzjptG.debug.temp.o
                                       0x16ca (size before relaxing)
 .debug_str     0x000000000000679e      0x135 /tmp/ccaycty2.debug.temp.o
                                       0x152e (size before relaxing)
 .debug_str     0x00000000000068d3       0x2d /tmp/cch7P05N.debug.temp.o
                                       0x1552 (size before relaxing)

.debug_loc      0x0000000000000000     0xa09e
 .debug_loc     0x0000000000000000     0xa09e /tmp/ch.elf.2Q6PHS.ltrans0.ltrans.o

.debug_ranges   0x0000000000000000     0x5298
 .debug_ranges  0x0000000000000000     0x5298 /tmp/ch.elf.2Q6PHS.ltrans0.ltrans.o

.debug_frame    0x0000000000000000      0xea0
 .debug_frame   0x0000000000000000      0xea0 /tmp/ch.elf.2Q6PHS.ltrans0.ltrans.o

Cross Reference Table

Symbol                                            File
BusFault_Handler                                  ./build/obj/vectors.o
DebugMon_Handler                                  ./build/obj/vectors.o
HardFault_Handler                                 ./build/obj/vectors.o
MemManage_Handler                                 ./build/obj/vectors.o
NMI_Handler                                       ./build/obj/vectors.o
PendSV_Handler                                    ./build/obj/vectors.o
Reset_Handler                                     ./build/obj/vectors.o
SD3                                               ./build/obj/hal_serial_lld.o (symbol from plugin)
                                                  ./build/obj/main.o (symbol from plugin)
                                                  ./build/obj/stm32_isr.o (symbol from plugin)
SDCD1                                             ./build/obj/hal_sdc_lld.o (symbol from plugin)
                                                  ./build/obj/stm32_isr.o (symbol from plugin)
SDU1                                              ./build/obj/usbcfg.o (symbol from plugin)
                                                  ./build/obj/main.o (symbol from plugin)
SPID1                                             ./build/obj/hal_spi_lld.o (symbol from plugin)
SPID6                                             ./build/obj/hal_spi_lld.o (symbol from plugin)
SVC_Handler                                       /tmp/ch.elf.2Q6PHS.ltrans0.ltrans.o
                                                  ./build/obj/chcore_v7m.o (symbol from plugin)
                                                  ./build/obj/vectors.o
SysTick_Handler                                   ./build/obj/vectors.o
SystemCoreClock                                   ./build/obj/hal_lld.o (symbol from plugin)
USBD1                                             ./build/obj/hal_usb_lld.o (symbol from plugin)
                                                  ./build/obj/usbcfg.o (symbol from plugin)
UsageFault_Handler                                ./build/obj/vectors.o
Vector100                                         ./build/obj/vectors.o
Vector104                                         /tmp/ch.elf.2Q6PHS.ltrans0.ltrans.o
                                                  ./build/obj/stm32_isr.o (symbol from plugin)
                                                  ./build/obj/vectors.o
Vector108                                         ./build/obj/vectors.o
Vector10C                                         ./build/obj/vectors.o
Vector110                                         ./build/obj/vectors.o
Vector114                                         ./build/obj/vectors.o
Vector118                                         ./build/obj/vectors.o
Vector11C                                         ./build/obj/vectors.o
Vector120                                         /tmp/ch.elf.2Q6PHS.ltrans0.ltrans.o
                                                  ./build/obj/stm32_dma.o (symbol from plugin)
                                                  ./build/obj/vectors.o
Vector124                                         /tmp/ch.elf.2Q6PHS.ltrans0.ltrans.o
                                                  ./build/obj/stm32_dma.o (symbol from plugin)
                                                  ./build/obj/vectors.o
Vector128                                         /tmp/ch.elf.2Q6PHS.ltrans0.ltrans.o
                                                  ./build/obj/stm32_dma.o (symbol from plugin)
                                                  ./build/obj/vectors.o
Vector12C                                         /tmp/ch.elf.2Q6PHS.ltrans0.ltrans.o
                                                  ./build/obj/stm32_dma.o (symbol from plugin)
                                                  ./build/obj/vectors.o
Vector130                                         /tmp/ch.elf.2Q6PHS.ltrans0.ltrans.o
                                                  ./build/obj/stm32_dma.o (symbol from plugin)
                                                  ./build/obj/vectors.o
Vector134                                         ./build/obj/vectors.o
Vector138                                         ./build/obj/vectors.o
Vector13C                                         ./build/obj/vectors.o
Vector140                                         ./build/obj/vectors.o
Vector144                                         ./build/obj/vectors.o
Vector148                                         ./build/obj/vectors.o
Vector14C                                         ./build/obj/vectors.o
Vector150                                         /tmp/ch.elf.2Q6PHS.ltrans0.ltrans.o
                                                  ./build/obj/stm32_dma.o (symbol from plugin)
                                                  ./build/obj/vectors.o
Vector154                                         /tmp/ch.elf.2Q6PHS.ltrans0.ltrans.o
                                                  ./build/obj/stm32_dma.o (symbol from plugin)
                                                  ./build/obj/vectors.o
Vector158                                         /tmp/ch.elf.2Q6PHS.ltrans0.ltrans.o
                                                  ./build/obj/stm32_dma.o (symbol from plugin)
                                                  ./build/obj/vectors.o
Vector15C                                         ./build/obj/vectors.o
Vector160                                         ./build/obj/vectors.o
Vector164                                         ./build/obj/vectors.o
Vector168                                         ./build/obj/vectors.o
Vector16C                                         ./build/obj/vectors.o
Vector170                                         ./build/obj/vectors.o
Vector174                                         ./build/obj/vectors.o
Vector178                                         ./build/obj/vectors.o
Vector17C                                         ./build/obj/vectors.o
Vector180                                         ./build/obj/vectors.o
Vector184                                         ./build/obj/vectors.o
Vector188                                         ./build/obj/vectors.o
Vector18C                                         ./build/obj/vectors.o
Vector190                                         ./build/obj/vectors.o
Vector194                                         ./build/obj/vectors.o
Vector198                                         /tmp/ch.elf.2Q6PHS.ltrans0.ltrans.o
                                                  ./build/obj/hal_spi_lld.o (symbol from plugin)
                                                  ./build/obj/vectors.o
Vector19C                                         ./build/obj/vectors.o
Vector1A0                                         ./build/obj/vectors.o
Vector1A4                                         ./build/obj/vectors.o
Vector1A8                                         ./build/obj/vectors.o
Vector1AC                                         ./build/obj/vectors.o
Vector1B0                                         ./build/obj/vectors.o
Vector1B4                                         ./build/obj/vectors.o
Vector1B8                                         ./build/obj/vectors.o
Vector1BC                                         ./build/obj/vectors.o
Vector1C                                          ./build/obj/vectors.o
Vector1C0                                         ./build/obj/vectors.o
Vector1C4                                         ./build/obj/vectors.o
Vector1C8                                         ./build/obj/vectors.o
Vector1CC                                         ./build/obj/vectors.o
Vector1D0                                         ./build/obj/vectors.o
Vector1D4                                         /tmp/ch.elf.2Q6PHS.ltrans0.ltrans.o
                                                  ./build/obj/hal_usb_lld.o (symbol from plugin)
                                                  ./build/obj/vectors.o
Vector1D8                                         ./build/obj/vectors.o
Vector1DC                                         ./build/obj/vectors.o
Vector1E0                                         ./build/obj/vectors.o
Vector1E4                                         ./build/obj/vectors.o
Vector1E8                                         ./build/obj/vectors.o
Vector1EC                                         ./build/obj/vectors.o
Vector1F0                                         ./build/obj/vectors.o
Vector1F4                                         ./build/obj/vectors.o
Vector1F8                                         ./build/obj/vectors.o
Vector1FC                                         ./build/obj/vectors.o
Vector20                                          ./build/obj/vectors.o
Vector200                                         ./build/obj/vectors.o
Vector204                                         ./build/obj/vectors.o
Vector208                                         ./build/obj/vectors.o
Vector20C                                         ./build/obj/vectors.o
Vector210                                         ./build/obj/vectors.o
Vector214                                         ./build/obj/vectors.o
Vector218                                         ./build/obj/vectors.o
Vector21C                                         ./build/obj/vectors.o
Vector220                                         ./build/obj/vectors.o
Vector224                                         ./build/obj/vectors.o
Vector228                                         ./build/obj/vectors.o
Vector22C                                         ./build/obj/vectors.o
Vector230                                         ./build/obj/vectors.o
Vector234                                         ./build/obj/vectors.o
Vector238                                         ./build/obj/vectors.o
Vector23C                                         ./build/obj/vectors.o
Vector24                                          ./build/obj/vectors.o
Vector240                                         ./build/obj/vectors.o
Vector244                                         /tmp/ch.elf.2Q6PHS.ltrans0.ltrans.o